﻿
> brookspeed-intelligent-scheduling-system-v8.02@0.0.0 build
> vite build

[36mvite v6.4.1 [32mbuilding for production...[36m[39m
transforming...
[32mÔ£ô[39m 4223 modules transformed.
rendering chunks...
node.exe : fatal error: runtime: cannot allocate memory
At line:1 char:1
+ & "C:\nvm4w\nodejs/node.exe" "C:\nvm4w\nodejs/node_modules/npm/bin/np ...
+ ~~~~~~~~~~~~~~~~~~~~~~~~~~~~~~~~~~~~~~~~~~~~~~~~~~~~~~~~~~~~~~~~~~~~~
    + CategoryInfo          : NotSpecified: (fatal error: ru...allocate memory:String) [], RemoteException
    + FullyQualifiedErrorId : NativeCommandError
 

runtime stack:
runtime.throw({0x655347?, 0x1ccf3460c00?})
	runtime/panic.go:1073 +0x4d fp=0x3cb05ff8e0 sp=0x3cb05ff8b0 pc=0x8f4cd
runtime.persistentalloc1(0x3fc0, 0x97361?, 0xa64460)
	runtime/malloc.go:1609 +0x24d fp=0x3cb05ff930 sp=0x3cb05ff8e0 pc=0x2e44d
runtime.persistentalloc.func1()
	runtime/malloc.go:1562 +0x28 fp=0x3cb05ff960 sp=0x3cb05ff930 pc=0x2e1e8
runtime.persistentalloc(0x34948?, 0x7ffa7eda3df0?, 0xc0053d6000?)
	runtime/malloc.go:1561 +0x4a fp=0x3cb05ff9a8 sp=0x3cb05ff960 pc=0x2e16a
runtime.(*fixalloc).alloc(0xa37a40)
	runtime/mfixalloc.go:90 +0x77 fp=0x3cb05ff9e0 sp=0x3cb05ff9a8 pc=0x37677
runtime.(*mheap).allocMSpanLocked(0xa20fc0)
	runtime/mheap.go:1117 +0x9f fp=0x3cb05ffa10 sp=0x3cb05ff9e0 pc=0x46cff
runtime.(*mheap).allocSpan(0xa20fc0, 0x1, 0x0, 0x18)
	runtime/mheap.go:1258 +0x21e fp=0x3cb05ffab8 sp=0x3cb05ffa10 pc=0x46f7e
runtime.(*mheap).alloc.func1()
	runtime/mheap.go:962 +0x5c fp=0x3cb05ffb00 sp=0x3cb05ffab8 pc=0x4699c
runtime.systemstack(0xc000a44540)
	runtime/asm_amd64.s:514 +0x49 fp=0x3cb05ffb10 sp=0x3cb05ffb00 pc=0x95709

goroutine 7818 gp=0xc0006af180 m=17 mp=0xc002678808 [running]:
runtime.systemstack_switch()
	runtime/asm_amd64.s:479 +0x8 fp=0xc00441bba8 sp=0xc00441bb98 pc=0x956a8
runtime.(*mheap).alloc(0x0?, 0x17c1?, 0x8a?)
	runtime/mheap.go:956 +0x5b fp=0xc00441bbf0 sp=0xc00441bba8 pc=0x468fb
runtime.(*mcentral).grow(0x2000?)
	runtime/mcentral.go:252 +0x36 fp=0xc00441bc20 sp=0xc00441bbf0 pc=0x34256
runtime.(*mcentral).cacheSpan(0xa32640)
	runtime/mcentral.go:170 +0x405 fp=0xc00441bc98 sp=0xc00441bc20 pc=0x340e5
runtime.(*mcache).refill(0x1ccf3380a28, 0x18?)
	runtime/mcache.go:182 +0x153 fp=0xc00441bcd8 sp=0xc00441bc98 pc=0x33713
runtime.(*mcache).nextFree(0x1ccf3380a28, 0x18)
	runtime/malloc.go:945 +0x85 fp=0xc00441bd10 sp=0xc00441bcd8 pc=0x2dc45
runtime.mallocgc(0xa0, 0x60a6c0, 0x1)
	runtime/malloc.go:1161 +0x4cd fp=0xc00441bdb0 sp=0xc00441bd10 pc=0x8a8ad
runtime.growslice(0xc0053c8870, 0xc0053d43f8?, 0xc0053cb080?, 0xc00441bf40?, 0x60a6c0)
	runtime/slice.go:272 +0x55d fp=0xc00441be20 sp=0xc00441bdb0 pc=0x913bd
github.com/evanw/esbuild/internal/js_parser.(*parser).parseFn(0xc0000daa88, 0x0?, {{0x2678808?}, 0xc0?}, 0x0, {0x0, 
0x0, {{0x0}, 0x0}, {0x63e10c}, ...})
	github.com/evanw/esbuild/internal/js_parser/js_parser.go:6245 +0x51e fp=0xc00441bf90 sp=0xc00441be20 pc=0x394cbe
github.com/evanw/esbuild/internal/js_parser.(*parser).parseFnStmt(0xc0000daa88, {0x641216?}, {0x0, 0x1, 0x1, 0x0, 0x0, 
0x0, 0x0, 0x0, ...}, ...)
	github.com/evanw/esbuild/internal/js_parser/js_parser.go:6751 +0x59c fp=0xc00441c1e8 sp=0xc00441bf90 pc=0x39903c
github.com/evanw/esbuild/internal/js_parser.(*parser).parseStmt(0xc0000daa88, {0x0, 0x1, 0x1, 0x0, 0x0, 0x0, 0x0, 0x0, 
0x0, ...})
	github.com/evanw/esbuild/internal/js_parser/js_parser.go:7351 +0x1bfe fp=0xc00441ca88 sp=0xc00441c1e8 pc=0x39c71e
github.com/evanw/esbuild/internal/js_parser.(*parser).parseStmtsUpTo(0xc0000daa88, 0x0, {0x0, 0x1, 0x1, 0x0, 0x0, 0x0, 
0x0, 0x0, ...})
	github.com/evanw/esbuild/internal/js_parser/js_parser.go:8442 +0xdc fp=0xc00441cbd0 sp=0xc00441ca88 pc=0x3a463c
github.com/evanw/esbuild/internal/js_parser.Parse({_, _, _, _, _, _}, {{{0xc000594bdd, 0x18}, {0xc000594bdd, 0x18}}, 
...}, ...)
	github.com/evanw/esbuild/internal/js_parser/js_parser.go:17542 +0x366 fp=0xc00441d6b0 sp=0xc00441cbd0 pc=0x3e5826
github.com/evanw/esbuild/internal/cache.(*JSCache).Parse(_, {_, _, _, _, _, _}, {{{0xc000594bdd, 0x18}, {0xc000594bdd, 
...}}, ...}, ...)
	github.com/evanw/esbuild/internal/cache/cache_ast.go:170 +0x245 fp=0xc00441dda8 sp=0xc00441d6b0 pc=0x42c0a5
github.com/evanw/esbuild/internal/bundler.parseFile({{0x7320b0, 0xc00062c280}, {0xc000554000, 0xc0010f8048, 
0xc0010f8060, 0xc000216a00, 0x6, 0xc000906090}, 0xc0000b4908, 0xc00031a2a0, ...})
	github.com/evanw/esbuild/internal/bundler/bundler.go:265 +0xb45 fp=0xc00441f608 sp=0xc00441dda8 pc=0x46a065
github.com/evanw/esbuild/internal/bundler.(*scanner).maybeParseFile.gowrap1()
	github.com/evanw/esbuild/internal/bundler/bundler.go:1620 +0x2fa fp=0xc00441ffe0 sp=0xc00441f608 pc=0x47769a
runtime.goexit({})
	runtime/asm_amd64.s:1700 +0x1 fp=0xc00441ffe8 sp=0xc00441ffe0 pc=0x976c1
created by github.com/evanw/esbuild/internal/bundler.(*scanner).maybeParseFile in goroutine 7816
	github.com/evanw/esbuild/internal/bundler/bundler.go:1620 +0xdae

goroutine 1 gp=0xc000062000 m=10 mp=0xc0000be808 [running]:
	goroutine running on other thread; stack unavailable

goroutine 2 gp=0xc000062700 m=nil [force gc (idle)]:
runtime.gopark(0x0?, 0x0?, 0x0?, 0x0?, 0x0?)
	runtime/proc.go:424 +0xce fp=0xc000065fa8 sp=0xc000065f88 pc=0x8f5ee
runtime.goparkunlock(...)
	runtime/proc.go:430
runtime.forcegchelper()
	runtime/proc.go:337 +0xb8 fp=0xc000065fe0 sp=0xc000065fa8 pc=0x5b898
runtime.goexit({})
	runtime/asm_amd64.s:1700 +0x1 fp=0xc000065fe8 sp=0xc000065fe0 pc=0x976c1
created by runtime.init.7 in goroutine 1
	runtime/proc.go:325 +0x1a

goroutine 3 gp=0xc000062a80 m=nil [GC sweep wait]:
runtime.gopark(0x1?, 0x0?, 0x0?, 0x0?, 0x0?)
	runtime/proc.go:424 +0xce fp=0xc000067f80 sp=0xc000067f60 pc=0x8f5ee
runtime.goparkunlock(...)
	runtime/proc.go:430
runtime.bgsweep(0xc000074000)
	runtime/mgcsweep.go:317 +0xdf fp=0xc000067fc8 sp=0xc000067f80 pc=0x4323f
runtime.gcenable.gowrap1()
	runtime/mgc.go:204 +0x25 fp=0xc000067fe0 sp=0xc000067fc8 pc=0x37925
runtime.goexit({})
	runtime/asm_amd64.s:1700 +0x1 fp=0xc000067fe8 sp=0xc000067fe0 pc=0x976c1
created by runtime.gcenable in goroutine 1
	runtime/mgc.go:204 +0x66

goroutine 4 gp=0xc000062c40 m=nil [GC scavenge wait]:
runtime.gopark(0x2ad730?, 0x99e2c6?, 0x0?, 0x0?, 0x0?)
	runtime/proc.go:424 +0xce fp=0xc00007bf78 sp=0xc00007bf58 pc=0x8f5ee
runtime.goparkunlock(...)
	runtime/proc.go:430
runtime.(*scavengerState).park(0xa16be0)
	runtime/mgcscavenge.go:425 +0x49 fp=0xc00007bfa8 sp=0xc00007bf78 pc=0x40c29
runtime.bgscavenge(0xc000074000)
	runtime/mgcscavenge.go:658 +0x59 fp=0xc00007bfc8 sp=0xc00007bfa8 pc=0x411b9
runtime.gcenable.gowrap2()
	runtime/mgc.go:205 +0x25 fp=0xc00007bfe0 sp=0xc00007bfc8 pc=0x378c5
runtime.goexit({})
	runtime/asm_amd64.s:1700 +0x1 fp=0xc00007bfe8 sp=0xc00007bfe0 pc=0x976c1
created by runtime.gcenable in goroutine 1
	runtime/mgc.go:205 +0xa5

goroutine 5 gp=0xc000062fc0 m=nil [finalizer wait]:
runtime.gopark(0x0?, 0x0?, 0x0?, 0x0?, 0x0?)
	runtime/proc.go:424 +0xce fp=0xc00007de20 sp=0xc00007de00 pc=0x8f5ee
runtime.runfinq()
	runtime/mfinal.go:193 +0x107 fp=0xc00007dfe0 sp=0xc00007de20 pc=0x369e7
runtime.goexit({})
	runtime/asm_amd64.s:1700 +0x1 fp=0xc00007dfe8 sp=0xc00007dfe0 pc=0x976c1
created by runtime.createfing in goroutine 1
	runtime/mfinal.go:163 +0x3d

goroutine 6 gp=0xc0000c8540 m=nil [chan receive]:
runtime.gopark(0xc000077f60?, 0x1e6085?, 0xb0?, 0x39?, 0x736540?)
	runtime/proc.go:424 +0xce fp=0xc000077f18 sp=0xc000077ef8 pc=0x8f5ee
runtime.chanrecv(0xc0000221c0, 0x0, 0x1)
	runtime/chan.go:639 +0x41e fp=0xc000077f90 sp=0xc000077f18 pc=0x270de
runtime.chanrecv1(0x0?, 0x0?)
	runtime/chan.go:489 +0x12 fp=0xc000077fb8 sp=0xc000077f90 pc=0x26c92
runtime.unique_runtime_registerUniqueMapCleanup.func1(...)
	runtime/mgc.go:1782
runtime.unique_runtime_registerUniqueMapCleanup.gowrap1()
	runtime/mgc.go:1785 +0x2f fp=0xc000077fe0 sp=0xc000077fb8 pc=0x3a8cf
runtime.goexit({})
	runtime/asm_amd64.s:1700 +0x1 fp=0xc000077fe8 sp=0xc000077fe0 pc=0x976c1
created by unique.runtime_registerUniqueMapCleanup in goroutine 1
	runtime/mgc.go:1780 +0x96

goroutine 7 gp=0xc0000c8700 m=nil [chan receive]:
runtime.gopark(0x0?, 0xc001730240?, 0x0?, 0x0?, 0xc002c36880?)
	runtime/proc.go:424 +0xce fp=0xc000069ee0 sp=0xc000069ec0 pc=0x8f5ee
runtime.chanrecv(0xc000022230, 0xc000069fb0, 0x1)
	runtime/chan.go:639 +0x41e fp=0xc000069f58 sp=0xc000069ee0 pc=0x270de
runtime.chanrecv2(0xc00006c0c0?, 0xc002c36880?)
	runtime/chan.go:494 +0x12 fp=0xc000069f80 sp=0xc000069f58 pc=0x26cb2
main.runService.func1()
	github.com/evanw/esbuild/cmd/esbuild/service.go:98 +0x45 fp=0xc000069fe0 sp=0xc000069f80 pc=0x55e705
runtime.goexit({})
	runtime/asm_amd64.s:1700 +0x1 fp=0xc000069fe8 sp=0xc000069fe0 pc=0x976c1
created by main.runService in goroutine 1
	github.com/evanw/esbuild/cmd/esbuild/service.go:97 +0x1db

goroutine 8 gp=0xc0000c88c0 m=nil [chan receive]:
runtime.gopark(0xc00233f5c0?, 0xc000cb89c0?, 0x10?, 0x0?, 0xc000079ee0?)
	runtime/proc.go:424 +0xce fp=0xc000079e90 sp=0xc000079e70 pc=0x8f5ee
runtime.chanrecv(0xc0000f89a0, 0xc000079f68, 0x1)
	runtime/chan.go:639 +0x41e fp=0xc000079f08 sp=0xc000079e90 pc=0x270de
runtime.chanrecv1(0x5c0cc0?, 0xc00233f5c0?)
	runtime/chan.go:489 +0x12 fp=0xc000079f30 sp=0xc000079f08 pc=0x26c92
main.(*serviceType).sendRequest(0xc0000e83f0, {0x5c0cc0, 0xc00233f5c0})
	github.com/evanw/esbuild/cmd/esbuild/service.go:192 +0x12b fp=0xc000079fa0 sp=0xc000079f30 pc=0x55e8eb
main.runService.func3()
	github.com/evanw/esbuild/cmd/esbuild/service.go:125 +0x3e fp=0xc000079fe0 sp=0xc000079fa0 pc=0x55e5de
runtime.goexit({})
	runtime/asm_amd64.s:1700 +0x1 fp=0xc000079fe8 sp=0xc000079fe0 pc=0x976c1
created by main.runService in goroutine 1
	github.com/evanw/esbuild/cmd/esbuild/service.go:122 +0x30b

goroutine 66 gp=0xc0002061c0 m=nil [GC worker (idle)]:
runtime.gopark(0x0?, 0x30?, 0x0?, 0xa5?, 0x0?)
	runtime/proc.go:424 +0xce fp=0xc000191f38 sp=0xc000191f18 pc=0x8f5ee
runtime.gcBgMarkWorker(0xc0000223f0)
	runtime/mgc.go:1412 +0xe9 fp=0xc000191fc8 sp=0xc000191f38 pc=0x39bc9
runtime.gcBgMarkStartWorkers.gowrap1()
	runtime/mgc.go:1328 +0x25 fp=0xc000191fe0 sp=0xc000191fc8 pc=0x39aa5
runtime.goexit({})
	runtime/asm_amd64.s:1700 +0x1 fp=0xc000191fe8 sp=0xc000191fe0 pc=0x976c1
created by runtime.gcBgMarkStartWorkers in goroutine 53
	runtime/mgc.go:1328 +0x105

goroutine 67 gp=0xc0000c9340 m=nil [GC worker (idle)]:
runtime.gopark(0x0?, 0x4000105?, 0x0?, 0x0?, 0xffffffffffffffff?)
	runtime/proc.go:424 +0xce fp=0xc00033bf38 sp=0xc00033bf18 pc=0x8f5ee
runtime.gcBgMarkWorker(0xc0000223f0)
	runtime/mgc.go:1412 +0xe9 fp=0xc00033bfc8 sp=0xc00033bf38 pc=0x39bc9
runtime.gcBgMarkStartWorkers.gowrap1()
	runtime/mgc.go:1328 +0x25 fp=0xc00033bfe0 sp=0xc00033bfc8 pc=0x39aa5
runtime.goexit({})
	runtime/asm_amd64.s:1700 +0x1 fp=0xc00033bfe8 sp=0xc00033bfe0 pc=0x976c1
created by runtime.gcBgMarkStartWorkers in goroutine 53
	runtime/mgc.go:1328 +0x105

goroutine 68 gp=0xc0000c96c0 m=nil [GC worker (idle)]:
runtime.gopark(0xa5fea0?, 0x3?, 0xb0?, 0x61?, 0x8f5ee?)
	runtime/proc.go:424 +0xce fp=0xc000341f38 sp=0xc000341f18 pc=0x8f5ee
runtime.gcBgMarkWorker(0xc0000223f0)
	runtime/mgc.go:1412 +0xe9 fp=0xc000341fc8 sp=0xc000341f38 pc=0x39bc9
runtime.gcBgMarkStartWorkers.gowrap1()
	runtime/mgc.go:1328 +0x25 fp=0xc000341fe0 sp=0xc000341fc8 pc=0x39aa5
runtime.goexit({})
	runtime/asm_amd64.s:1700 +0x1 fp=0xc000341fe8 sp=0xc000341fe0 pc=0x976c1
created by runtime.gcBgMarkStartWorkers in goroutine 53
	runtime/mgc.go:1328 +0x105

goroutine 69 gp=0xc0000c9880 m=nil [GC worker (idle)]:
runtime.gopark(0x1c43150ba1368?, 0x1?, 0x28?, 0xae?, 0x0?)
	runtime/proc.go:424 +0xce fp=0xc00033df38 sp=0xc00033df18 pc=0x8f5ee
runtime.gcBgMarkWorker(0xc0000223f0)
	runtime/mgc.go:1412 +0xe9 fp=0xc00033dfc8 sp=0xc00033df38 pc=0x39bc9
runtime.gcBgMarkStartWorkers.gowrap1()
	runtime/mgc.go:1328 +0x25 fp=0xc00033dfe0 sp=0xc00033dfc8 pc=0x39aa5
runtime.goexit({})
	runtime/asm_amd64.s:1700 +0x1 fp=0xc00033dfe8 sp=0xc00033dfe0 pc=0x976c1
created by runtime.gcBgMarkStartWorkers in goroutine 53
	runtime/mgc.go:1328 +0x105

goroutine 70 gp=0xc0000c9a40 m=nil [GC worker (idle)]:
runtime.gopark(0x1c431510073d0?, 0x3?, 0x18?, 0xc8?, 0x0?)
	runtime/proc.go:424 +0xce fp=0xc0001ddf38 sp=0xc0001ddf18 pc=0x8f5ee
runtime.gcBgMarkWorker(0xc0000223f0)
	runtime/mgc.go:1412 +0xe9 fp=0xc0001ddfc8 sp=0xc0001ddf38 pc=0x39bc9
runtime.gcBgMarkStartWorkers.gowrap1()
	runtime/mgc.go:1328 +0x25 fp=0xc0001ddfe0 sp=0xc0001ddfc8 pc=0x39aa5
runtime.goexit({})
	runtime/asm_amd64.s:1700 +0x1 fp=0xc0001ddfe8 sp=0xc0001ddfe0 pc=0x976c1
created by runtime.gcBgMarkStartWorkers in goroutine 53
	runtime/mgc.go:1328 +0x105

goroutine 71 gp=0xc0000c9c00 m=nil [GC worker (idle)]:
runtime.gopark(0x1c43150ba1368?, 0x3?, 0x0?, 0x0?, 0x0?)
	runtime/proc.go:424 +0xce fp=0xc0001dff38 sp=0xc0001dff18 pc=0x8f5ee
runtime.gcBgMarkWorker(0xc0000223f0)
	runtime/mgc.go:1412 +0xe9 fp=0xc0001dffc8 sp=0xc0001dff38 pc=0x39bc9
runtime.gcBgMarkStartWorkers.gowrap1()
	runtime/mgc.go:1328 +0x25 fp=0xc0001dffe0 sp=0xc0001dffc8 pc=0x39aa5
runtime.goexit({})
	runtime/asm_amd64.s:1700 +0x1 fp=0xc0001dffe8 sp=0xc0001dffe0 pc=0x976c1
created by runtime.gcBgMarkStartWorkers in goroutine 53
	runtime/mgc.go:1328 +0x105

goroutine 72 gp=0xc0000c9dc0 m=nil [GC worker (idle)]:
runtime.gopark(0x68daf8?, 0xc000028520?, 0x1a?, 0xa?, 0x0?)
	runtime/proc.go:424 +0xce fp=0xc0001d9f38 sp=0xc0001d9f18 pc=0x8f5ee
runtime.gcBgMarkWorker(0xc0000223f0)
	runtime/mgc.go:1412 +0xe9 fp=0xc0001d9fc8 sp=0xc0001d9f38 pc=0x39bc9
runtime.gcBgMarkStartWorkers.gowrap1()
	runtime/mgc.go:1328 +0x25 fp=0xc0001d9fe0 sp=0xc0001d9fc8 pc=0x39aa5
runtime.goexit({})
	runtime/asm_amd64.s:1700 +0x1 fp=0xc0001d9fe8 sp=0xc0001d9fe0 pc=0x976c1
created by runtime.gcBgMarkStartWorkers in goroutine 53
	runtime/mgc.go:1328 +0x105

goroutine 73 gp=0xc0001e0000 m=nil [GC worker (idle)]:
runtime.gopark(0x1c431510073d0?, 0x1?, 0x0?, 0x0?, 0x0?)
	runtime/proc.go:424 +0xce fp=0xc0001dbf38 sp=0xc0001dbf18 pc=0x8f5ee
runtime.gcBgMarkWorker(0xc0000223f0)
	runtime/mgc.go:1412 +0xe9 fp=0xc0001dbfc8 sp=0xc0001dbf38 pc=0x39bc9
runtime.gcBgMarkStartWorkers.gowrap1()
	runtime/mgc.go:1328 +0x25 fp=0xc0001dbfe0 sp=0xc0001dbfc8 pc=0x39aa5
runtime.goexit({})
	runtime/asm_amd64.s:1700 +0x1 fp=0xc0001dbfe8 sp=0xc0001dbfe0 pc=0x976c1
created by runtime.gcBgMarkStartWorkers in goroutine 53
	runtime/mgc.go:1328 +0x105

goroutine 74 gp=0xc0001e01c0 m=nil [GC worker (idle)]:
runtime.gopark(0x1c42dd5e92f00?, 0x1?, 0xb4?, 0xfe?, 0x0?)
	runtime/proc.go:424 +0xce fp=0xc0001e7f38 sp=0xc0001e7f18 pc=0x8f5ee
runtime.gcBgMarkWorker(0xc0000223f0)
	runtime/mgc.go:1412 +0xe9 fp=0xc0001e7fc8 sp=0xc0001e7f38 pc=0x39bc9
runtime.gcBgMarkStartWorkers.gowrap1()
	runtime/mgc.go:1328 +0x25 fp=0xc0001e7fe0 sp=0xc0001e7fc8 pc=0x39aa5
runtime.goexit({})
	runtime/asm_amd64.s:1700 +0x1 fp=0xc0001e7fe8 sp=0xc0001e7fe0 pc=0x976c1
created by runtime.gcBgMarkStartWorkers in goroutine 53
	runtime/mgc.go:1328 +0x105

goroutine 75 gp=0xc0001e0380 m=nil [GC worker (idle)]:
runtime.gopark(0xa5fea0?, 0x1?, 0x0?, 0x0?, 0x0?)
	runtime/proc.go:424 +0xce fp=0xc0001e9f38 sp=0xc0001e9f18 pc=0x8f5ee
runtime.gcBgMarkWorker(0xc0000223f0)
	runtime/mgc.go:1412 +0xe9 fp=0xc0001e9fc8 sp=0xc0001e9f38 pc=0x39bc9
runtime.gcBgMarkStartWorkers.gowrap1()
	runtime/mgc.go:1328 +0x25 fp=0xc0001e9fe0 sp=0xc0001e9fc8 pc=0x39aa5
runtime.goexit({})
	runtime/asm_amd64.s:1700 +0x1 fp=0xc0001e9fe8 sp=0xc0001e9fe0 pc=0x976c1
created by runtime.gcBgMarkStartWorkers in goroutine 53
	runtime/mgc.go:1328 +0x105

goroutine 76 gp=0xc0001e0540 m=nil [GC worker (idle)]:
runtime.gopark(0x1c43150ba1368?, 0x1?, 0xfc?, 0x40?, 0x0?)
	runtime/proc.go:424 +0xce fp=0xc0001e3f38 sp=0xc0001e3f18 pc=0x8f5ee
runtime.gcBgMarkWorker(0xc0000223f0)
	runtime/mgc.go:1412 +0xe9 fp=0xc0001e3fc8 sp=0xc0001e3f38 pc=0x39bc9
runtime.gcBgMarkStartWorkers.gowrap1()
	runtime/mgc.go:1328 +0x25 fp=0xc0001e3fe0 sp=0xc0001e3fc8 pc=0x39aa5
runtime.goexit({})
	runtime/asm_amd64.s:1700 +0x1 fp=0xc0001e3fe8 sp=0xc0001e3fe0 pc=0x976c1
created by runtime.gcBgMarkStartWorkers in goroutine 53
	runtime/mgc.go:1328 +0x105

goroutine 77 gp=0xc0001e0700 m=nil [GC worker (idle)]:
runtime.gopark(0xa5fea0?, 0x1?, 0xb0?, 0x61?, 0x0?)
	runtime/proc.go:424 +0xce fp=0xc0001e5f38 sp=0xc0001e5f18 pc=0x8f5ee
runtime.gcBgMarkWorker(0xc0000223f0)
	runtime/mgc.go:1412 +0xe9 fp=0xc0001e5fc8 sp=0xc0001e5f38 pc=0x39bc9
runtime.gcBgMarkStartWorkers.gowrap1()
	runtime/mgc.go:1328 +0x25 fp=0xc0001e5fe0 sp=0xc0001e5fc8 pc=0x39aa5
runtime.goexit({})
	runtime/asm_amd64.s:1700 +0x1 fp=0xc0001e5fe8 sp=0xc0001e5fe0 pc=0x976c1
created by runtime.gcBgMarkStartWorkers in goroutine 53
	runtime/mgc.go:1328 +0x105

goroutine 7816 gp=0xc0014c3340 m=nil [chan receive]:
runtime.gopark(0x100a06660?, 0x1ccf88cc9f8?, 0x40?, 0x1?, 0x10?)
	runtime/proc.go:424 +0xce fp=0xc000123b20 sp=0xc000123b00 pc=0x8f5ee
runtime.chanrecv(0xc00106a070, 0xc000123f38, 0x1)
	runtime/chan.go:639 +0x41e fp=0xc000123b98 sp=0xc000123b20 pc=0x270de
runtime.chanrecv1(0xc0010f81e0?, 0x1?)
	runtime/chan.go:489 +0x12 fp=0xc000123bc0 sp=0xc000123b98 pc=0x26c92
github.com/evanw/esbuild/internal/bundler.(*scanner).scanAllDependencies(0xc0000b4d88)
	github.com/evanw/esbuild/internal/bundler/bundler.go:2172 +0x258 fp=0xc000124090 sp=0xc000123bc0 pc=0x47ccb8
github.com/evanw/esbuild/internal/bundler.ScanBundle(_, {_, _, _, _, _, _}, {_, _}, 0xc00031a2a0, ...)
	github.com/evanw/esbuild/internal/bundler/bundler.go:1495 +0xbdc fp=0xc000124688 sp=0xc000124090 pc=0x47567c
github.com/evanw/esbuild/pkg/api.transformImpl({_, _}, {0x0, 0x0, 0x0, 0xc000906030, 0x0, 0x3, {0x0, 0x0}, ...})
	github.com/evanw/esbuild/pkg/api/api_impl.go:1801 +0x1405 fp=0xc0001259a0 sp=0xc000124688 pc=0x5260e5
github.com/evanw/esbuild/pkg/api.Transform(...)
	github.com/evanw/esbuild/pkg/api/api.go:477
main.(*serviceType).handleTransformRequest(0xc00034a870?, 0x1ba, 0xc00103ae40)
	github.com/evanw/esbuild/cmd/esbuild/service.go:1179 +0x338 fp=0xc000125f60 sp=0xc0001259a0 pc=0x569138
main.(*serviceType).handleIncomingPacket.func3()
	github.com/evanw/esbuild/cmd/esbuild/service.go:242 +0x57 fp=0xc000125fe0 sp=0xc000125f60 pc=0x563037
runtime.goexit({})
	runtime/asm_amd64.s:1700 +0x1 fp=0xc000125fe8 sp=0xc000125fe0 pc=0x976c1
created by main.(*serviceType).handleIncomingPacket in goroutine 1
	github.com/evanw/esbuild/cmd/esbuild/service.go:240 +0x1785
[31mÔ£ù[39m Build failed in 21.15s
[31merror during build:
[31m[vite:esbuild-transpile] The service was stopped[31m
    at C:\Intelligent Scheduling\node_modules\esbuild\lib\main.js:718:38
    at responseCallbacks.<computed> (C:\Intelligent Scheduling\node_modules\esbuild\lib\main.js:603:9)
    at Socket.afterClose (C:\Intelligent Scheduling\node_modules\esbuild\lib\main.js:594:28)
    at Socket.emit (node:events:531:35)
    at endReadableNT (node:internal/streams/readable:1698:12)
    at process.processTicksAndRejections (node:internal/process/task_queues:89:21)[39m
