components/AbsenceRequestModal.tsx(2,32): error TS2305: Module '"../types"' has no exported member 'AbsenceType'.
components/AbsenceRequestModal.tsx(43,49): error TS2339: Property 'isHalfDayStart' does not exist on type 'AbsenceRequest'.
components/AbsenceRequestModal.tsx(44,47): error TS2339: Property 'isHalfDayEnd' does not exist on type 'AbsenceRequest'.
components/AbsenceRequestModal.tsx(45,40): error TS2339: Property 'notes' does not exist on type 'AbsenceRequest'.
components/AbsenceRequestModal.tsx(81,58): error TS2339: Property 'approverId' does not exist on type 'AbsenceRequest'.
components/AbsenceRequestModal.tsx(92,40): error TS2339: Property 'approverId' does not exist on type 'AbsenceRequest'.
components/AbsenceRequestModal.tsx(92,67): error TS2339: Property 'holidayApproverId' does not exist on type 'User'.
components/AbsenceRequestModal.tsx(101,41): error TS2339: Property 'requestedAt' does not exist on type 'AbsenceRequest'.
components/AbsenceRequestModal.tsx(102,40): error TS2339: Property 'actionedAt' does not exist on type 'AbsenceRequest'.
components/AbsenceRequestModal.tsx(103,45): error TS2339: Property 'rejectionReason' does not exist on type 'AbsenceRequest'.
components/AbsenceView.tsx(2,32): error TS2724: '"../types"' has no exported member named 'AbsenceRequestStatus'. Did you mean 'AbsenceRequest'?
components/AbsenceView.tsx(81,47): error TS2339: Property 'holidayApproverId' does not exist on type 'User'.
components/AbsenceView.tsx(97,48): error TS2339: Property 'holidayEntitlement' does not exist on type 'User'.
components/AbsenceView.tsx(102,41): error TS2339: Property 'daysTaken' does not exist on type 'AbsenceRequest'.
components/AbsenceView.tsx(108,41): error TS2339: Property 'daysTaken' does not exist on type 'AbsenceRequest'.
components/AbsenceView.tsx(113,46): error TS2339: Property 'approverId' does not exist on type 'AbsenceRequest'.
components/AbsenceView.tsx(342,92): error TS2339: Property 'daysTaken' does not exist on type 'AbsenceRequest'.
components/AbsenceView.tsx(360,81): error TS2339: Property 'daysTaken' does not exist on type 'AbsenceRequest'.
components/AbsenceView.tsx(362,45): error TS2339: Property 'notes' does not exist on type 'AbsenceRequest'.
components/AbsenceView.tsx(362,109): error TS2339: Property 'notes' does not exist on type 'AbsenceRequest'.
components/AssignEngineerModal.tsx(82,68): error TS2339: Property 'specialization' does not exist on type 'Engineer'.
components/BatteryChargerFormModal.tsx(21,17): error TS2345: Argument of type 'BatteryCharger | { name: string; entityId: string; locationDescription: string; }' is not assignable to parameter of type 'SetStateAction<Partial<BatteryCharger>>'.
  Object literal may only specify known properties, and 'entityId' does not exist in type 'SetStateAction<Partial<BatteryCharger>>'.
components/BatteryChargerFormModal.tsx(32,41): error TS2339: Property 'entityId' does not exist on type 'Partial<BatteryCharger>'.
components/BatteryChargerFormModal.tsx(36,32): error TS2339: Property 'entityId' does not exist on type 'Partial<BatteryCharger>'.
components/BatteryChargerFormModal.tsx(37,43): error TS2339: Property 'locationDescription' does not exist on type 'Partial<BatteryCharger>'.
components/BatteryChargerFormModal.tsx(60,41): error TS2339: Property 'entityId' does not exist on type 'Partial<BatteryCharger>'.
components/BatteryChargerFormModal.tsx(74,41): error TS2339: Property 'locationDescription' does not exist on type 'Partial<BatteryCharger>'.
components/CheckInModal.tsx(29,27): error TS2339: Property 'checkInPhotos' does not exist on type 'Job'.
components/CheckInModal.tsx(40,27): error TS2741: Property 'dataUrl' is missing in type '{ id: `${string}-${string}-${string}-${string}-${string}`; tempDataUrl: string; }' but required in type 'TempCheckInPhoto'.
components/CheckInModal.tsx(69,54): error TS2353: Object literal may only specify known properties, and 'notes' does not exist in type 'CheckInPhoto'.
components/CheckInModal.tsx(69,67): error TS2339: Property 'notes' does not exist on type 'TempCheckInPhoto'.
components/CheckInModal.tsx(76,50): error TS2353: Object literal may only specify known properties, and 'notes' does not exist in type 'CheckInPhoto'.
components/CheckInModal.tsx(76,63): error TS2339: Property 'notes' does not exist on type 'TempCheckInPhoto'.
components/CheckInModal.tsx(82,13): error TS2322: Type 'number' is not assignable to type 'string'.
components/CheckInModal.tsx(157,54): error TS2339: Property 'notes' does not exist on type 'TempCheckInPhoto'.
components/CommunicationsView.tsx(5,20): error TS2305: Module '"../types"' has no exported member 'ReminderStatus'.
components/CommunicationsView.tsx(5,71): error TS2724: '"../types"' has no exported member named 'ReminderType'. Did you mean 'Reminder'?
components/CommunicationsView.tsx(47,52): error TS2339: Property 'eventName' does not exist on type 'Reminder'.
components/CommunicationsView.tsx(61,27): error TS2339: Property 'eventName' does not exist on type 'Reminder'.
components/CommunicationsView.tsx(61,49): error TS2339: Property 'eventName' does not exist on type 'Reminder'.
components/CommunicationsView.tsx(64,74): error TS2339: Property 'eventName' does not exist on type 'Reminder'.
components/CommunicationsView.tsx(71,80): error TS2339: Property 'dueDate' does not exist on type 'Reminder'.
components/CommunicationsView.tsx(71,111): error TS2339: Property 'dueDate' does not exist on type 'Reminder'.
components/CommunicationsView.tsx(75,80): error TS2339: Property 'actionedAt' does not exist on type 'Reminder'.
components/CommunicationsView.tsx(75,114): error TS2339: Property 'actionedAt' does not exist on type 'Reminder'.
components/CommunicationsView.tsx(79,22): error TS2345: Argument of type '(prev: Reminder[]) => (Reminder | { status: "Sent" | "Dismissed"; actionedAt: string; id: string; vehicleId: string; customerId: string; type: "MOT" | "Other" | "Service"; date: string; })[]' is not assignable to parameter of type 'SetStateAction<Reminder[]>'.
  Type '(prev: Reminder[]) => (Reminder | { status: "Sent" | "Dismissed"; actionedAt: string; id: string; vehicleId: string; customerId: string; type: "MOT" | "Other" | "Service"; date: string; })[]' is not assignable to type '(prevState: Reminder[]) => Reminder[]'.
    Type '(Reminder | { status: "Sent" | "Dismissed"; actionedAt: string; id: string; vehicleId: string; customerId: string; type: "MOT" | "Other" | "Service"; date: string; })[]' is not assignable to type 'Reminder[]'.
      Type 'Reminder | { status: "Sent" | "Dismissed"; actionedAt: string; id: string; vehicleId: string; customerId: string; type: "MOT" | "Other" | "Service"; date: string; }' is not assignable to type 'Reminder'.
        Type '{ status: "Sent" | "Dismissed"; actionedAt: string; id: string; vehicleId: string; customerId: string; type: "MOT" | "Service" | "Other"; date: string; }' is not assignable to type 'Reminder'.
          Types of property 'status' are incompatible.
            Type '"Sent" | "Dismissed"' is not assignable to type '"Sent" | "Pending" | "Failed"'.
              Type '"Dismissed"' is not assignable to type '"Sent" | "Pending" | "Failed"'.
components/CommunicationsView.tsx(103,15): error TS2322: Type '{ id: `${string}-${string}-${string}-${string}-${string}`; customerId: string; type: "Marketing"; dueDate: string; status: "Pending"; createdAt: string; eventName: string; }[]' is not assignable to type 'Reminder[]'.
  Type '{ id: `${string}-${string}-${string}-${string}-${string}`; customerId: string; type: "Marketing"; dueDate: string; status: "Pending"; createdAt: string; eventName: string; }' is missing the following properties from type 'Reminder': vehicleId, date
components/CommunicationsView.tsx(155,22): error TS2345: Argument of type '(prev: Reminder[]) => (Reminder | { status: "Dismissed"; actionedAt: string; id: string; vehicleId: string; customerId: string; type: "MOT" | "Other" | "Service"; date: string; })[]' is not assignable to parameter of type 'SetStateAction<Reminder[]>'.
  Type '(prev: Reminder[]) => (Reminder | { status: "Dismissed"; actionedAt: string; id: string; vehicleId: string; customerId: string; type: "MOT" | "Other" | "Service"; date: string; })[]' is not assignable to type '(prevState: Reminder[]) => Reminder[]'.
    Type '(Reminder | { status: "Dismissed"; actionedAt: string; id: string; vehicleId: string; customerId: string; type: "MOT" | "Other" | "Service"; date: string; })[]' is not assignable to type 'Reminder[]'.
      Type 'Reminder | { status: "Dismissed"; actionedAt: string; id: string; vehicleId: string; customerId: string; type: "MOT" | "Other" | "Service"; date: string; }' is not assignable to type 'Reminder'.
        Type '{ status: "Dismissed"; actionedAt: string; id: string; vehicleId: string; customerId: string; type: "MOT" | "Service" | "Other"; date: string; }' is not assignable to type 'Reminder'.
          Types of property 'status' are incompatible.
            Type '"Dismissed"' is not assignable to type '"Sent" | "Pending" | "Failed"'.
components/CommunicationsView.tsx(250,51): error TS2339: Property 'eventName' does not exist on type 'Reminder'.
components/CommunicationsView.tsx(250,122): error TS2339: Property 'eventName' does not exist on type 'Reminder'.
components/CommunicationsView.tsx(251,42): error TS2367: This comparison appears to be unintentional because the types '"MOT" | "Other" | "Service"' and '"Marketing"' have no overlap.
components/CommunicationsView.tsx(252,59): error TS2339: Property 'eventName' does not exist on type 'Reminder'.
components/CommunicationsView.tsx(252,91): error TS2339: Property 'dueDate' does not exist on type 'Reminder'.
components/CommunicationsView.tsx(253,110): error TS2339: Property 'dueDate' does not exist on type 'Reminder'.
components/CommunicationsView.tsx(262,51): error TS2339: Property 'actionedAt' does not exist on type 'Reminder'.
components/CommunicationsView.tsx(262,88): error TS2339: Property 'actionedAt' does not exist on type 'Reminder'.
components/CommunicationsView.tsx(318,51): error TS2339: Property 'eventName' does not exist on type 'Reminder'.
components/CommunicationsView.tsx(318,122): error TS2339: Property 'eventName' does not exist on type 'Reminder'.
components/CommunicationsView.tsx(319,42): error TS2367: This comparison appears to be unintentional because the types '"MOT" | "Other" | "Service"' and '"Marketing"' have no overlap.
components/CommunicationsView.tsx(320,59): error TS2339: Property 'eventName' does not exist on type 'Reminder'.
components/CommunicationsView.tsx(320,91): error TS2339: Property 'dueDate' does not exist on type 'Reminder'.
components/CommunicationsView.tsx(321,110): error TS2339: Property 'dueDate' does not exist on type 'Reminder'.
components/DirectorsDashboard.tsx(43,52): error TS2339: Property 'grandTotal' does not exist on type 'Invoice'.
components/DirectorsDashboard.tsx(75,37): error TS2339: Property 'grandTotal' does not exist on type 'Invoice'.
components/DiscountCodeFormModal.tsx(3,24): error TS2305: Module '"../types"' has no exported member 'DiscountType'.
components/DiscountCodeFormModal.tsx(3,38): error TS2305: Module '"../types"' has no exported member 'DiscountApplicability'.
components/DiscountCodeFormModal.tsx(21,9): error TS2353: Object literal may only specify known properties, and 'entityId' does not exist in type 'DiscountCode | (() => DiscountCode)'.
components/DiscountCodeFormModal.tsx(36,17): error TS2353: Object literal may only specify known properties, and 'entityId' does not exist in type 'SetStateAction<DiscountCode>'.
components/EmailPurchaseOrderModal.tsx(17,37): error TS2339: Property 'email' does not exist on type 'Supplier'.
components/EmailPurchaseOrderModal.tsx(37,73): error TS2339: Property 'email' does not exist on type 'BusinessEntity'.
components/EntityFormModal.tsx(3,26): error TS2305: Module '"../types"' has no exported member 'WorkingHoursConfig'.
components/EntityFormModal.tsx(73,26): error TS2339: Property 'workingHours' does not exist on type 'Partial<BusinessEntity>'.
components/EntityFormModal.tsx(74,25): error TS2339: Property 'workingHours' does not exist on type 'Partial<BusinessEntity>'.
components/EntityFormModal.tsx(78,21): error TS2339: Property 'logoImageId' does not exist on type 'BusinessEntity'.
components/EntityFormModal.tsx(79,29): error TS2339: Property 'logoImageId' does not exist on type 'BusinessEntity'.
components/EntityFormModal.tsx(96,26): error TS2339: Property 'workingHours' does not exist on type 'Partial<BusinessEntity> & { tempLogoUrl?: string; }'.
components/EntityFormModal.tsx(142,80): error TS2339: Property 'color' does not exist on type 'Partial<BusinessEntity> & { tempLogoUrl?: string; }'.
components/EntityFormModal.tsx(168,85): error TS2339: Property 'workingHours' does not exist on type 'Partial<BusinessEntity> & { tempLogoUrl?: string; }'.
components/EntityFormModal.tsx(172,85): error TS2339: Property 'workingHours' does not exist on type 'Partial<BusinessEntity> & { tempLogoUrl?: string; }'.
components/EntityFormModal.tsx(176,61): error TS2339: Property 'workingHours' does not exist on type 'Partial<BusinessEntity> & { tempLogoUrl?: string; }'.
components/EntityFormModal.tsx(184,102): error TS2339: Property 'workingHours' does not exist on type 'Partial<BusinessEntity> & { tempLogoUrl?: string; }'.
components/EntityFormModal.tsx(187,47): error TS2339: Property 'workingHours' does not exist on type 'Partial<BusinessEntity> & { tempLogoUrl?: string; }'.
components/EntityFormModal.tsx(191,97): error TS2339: Property 'workingHours' does not exist on type 'Partial<BusinessEntity> & { tempLogoUrl?: string; }'.
components/EntityFormModal.tsx(195,97): error TS2339: Property 'workingHours' does not exist on type 'Partial<BusinessEntity> & { tempLogoUrl?: string; }'.
components/EntityFormModal.tsx(208,126): error TS2339: Property 'motReminderEmailTemplate' does not exist on type 'Partial<BusinessEntity> & { tempLogoUrl?: string; }'.
components/EntityFormModal.tsx(209,122): error TS2339: Property 'motReminderSmsTemplate' does not exist on type 'Partial<BusinessEntity> & { tempLogoUrl?: string; }'.
components/EntityFormModal.tsx(210,134): error TS2339: Property 'serviceReminderEmailTemplate' does not exist on type 'Partial<BusinessEntity> & { tempLogoUrl?: string; }'.
components/EntityFormModal.tsx(211,130): error TS2339: Property 'serviceReminderSmsTemplate' does not exist on type 'Partial<BusinessEntity> & { tempLogoUrl?: string; }'.
components/EntityFormModal.tsx(212,143): error TS2339: Property 'winterCheckReminderEmailTemplate' does not exist on type 'Partial<BusinessEntity> & { tempLogoUrl?: string; }'.
components/EntityFormModal.tsx(213,139): error TS2339: Property 'winterCheckReminderSmsTemplate' does not exist on type 'Partial<BusinessEntity> & { tempLogoUrl?: string; }'.
components/EntityFormModal.tsx(222,132): error TS2339: Property 'storageCapacity' does not exist on type 'Partial<BusinessEntity> & { tempLogoUrl?: string; }'.
components/EntityFormModal.tsx(223,152): error TS2339: Property 'defaultWeeklyStorageRate' does not exist on type 'Partial<BusinessEntity> & { tempLogoUrl?: string; }'.
components/EntityFormModal.tsx(231,97): error TS2551: Property 'addressLine2' does not exist on type 'Partial<BusinessEntity> & { tempLogoUrl?: string; }'. Did you mean 'addressLine1'?
components/EntityFormModal.tsx(234,98): error TS2339: Property 'companyNumber' does not exist on type 'Partial<BusinessEntity> & { tempLogoUrl?: string; }'.
components/EntityFormModal.tsx(238,104): error TS2339: Property 'bankAccountName' does not exist on type 'Partial<BusinessEntity> & { tempLogoUrl?: string; }'.
components/EntityFormModal.tsx(239,98): error TS2339: Property 'bankSortCode' does not exist on type 'Partial<BusinessEntity> & { tempLogoUrl?: string; }'.
components/EntityFormModal.tsx(240,108): error TS2339: Property 'bankAccountNumber' does not exist on type 'Partial<BusinessEntity> & { tempLogoUrl?: string; }'.
components/EntityFormModal.tsx(242,106): error TS2339: Property 'invoiceFooterText' does not exist on type 'Partial<BusinessEntity> & { tempLogoUrl?: string; }'.
components/EntityFormModal.tsx(246,120): error TS2339: Property 'courtesyCarTermsAndConditions' does not exist on type 'Partial<BusinessEntity> & { tempLogoUrl?: string; }'.
components/EntityFormModal.tsx(247,109): error TS2339: Property 'rentalTermsAndConditions' does not exist on type 'Partial<BusinessEntity> & { tempLogoUrl?: string; }'.
components/EntityFormModal.tsx(248,120): error TS2339: Property 'sorTermsAndConditions' does not exist on type 'Partial<BusinessEntity> & { tempLogoUrl?: string; }'.
components/EntityFormModal.tsx(249,111): error TS2339: Property 'storageTermsAndConditions' does not exist on type 'Partial<BusinessEntity> & { tempLogoUrl?: string; }'.
components/EstimatesView.tsx(49,96): error TS2322: Type '"Declined"' is not assignable to type '"Closed" | "Draft" | "Sent" | "Approved" | "Rejected" | "Converted to Job"'.
components/EstimatesView.tsx(134,21): error TS2339: Property 'name' does not exist on type 'String'.
components/EstimatesView.tsx(134,27): error TS2339: Property 'description' does not exist on type 'String'.
components/EstimatesView.tsx(136,17): error TS2554: Expected 1 arguments, but got 3.
components/EstimatesView.tsx(160,17): error TS2561: Object literal may only specify known properties, but 'totalPriceVat' does not exist in type 'ServicePackage'. Did you mean to write 'totalPrice'?
components/EstimatesView.tsx(182,46): error TS2339: Property 'isMixedVat' does not exist on type 'ServicePackage'.
components/EstimatesView.tsx(182,70): error TS2551: Property 'totalPriceVat' does not exist on type 'ServicePackage'. Did you mean 'totalPrice'?
components/EstimatesView.tsx(280,49): error TS2367: This comparison appears to be unintentional because the types '"Closed" | "Draft" | "Sent" | "Rejected" | "Converted to Job"' and '"Declined"' have no overlap.
components/EstimateViewModal.tsx(452,43): error TS2339: Property 'media' does not exist on type 'Estimate'.
components/EstimateViewModal.tsx(452,61): error TS2339: Property 'media' does not exist on type 'Estimate'.
components/EstimateViewModal.tsx(458,55): error TS2339: Property 'media' does not exist on type 'Estimate'.
components/GenerateRemindersModal.tsx(2,39): error TS2724: '"../types"' has no exported member named 'ReminderType'. Did you mean 'Reminder'?
components/GenerateRemindersModal.tsx(67,25): error TS2353: Object literal may only specify known properties, and 'dueDate' does not exist in type 'Reminder'.
components/GenerateRemindersModal.tsx(84,25): error TS2353: Object literal may only specify known properties, and 'dueDate' does not exist in type 'Reminder'.
components/GenerateRemindersModal.tsx(100,25): error TS2322: Type '"Winter Check"' is not assignable to type '"MOT" | "Other" | "Service"'.
components/GenerateRemindersModal.tsx(204,80): error TS2339: Property 'dueDate' does not exist on type 'Reminder'.
components/InspectionChecklist.tsx(85,38): error TS2339: Property 'comments' does not exist on type 'ChecklistSection'.
components/InspectionChecklist.tsx(89,56): error TS2339: Property 'comments' does not exist on type 'ChecklistSection'.
components/InspectionTemplateFormModal.tsx(2,30): error TS2724: '"../types"' has no exported member named 'InspectionSectionTemplate'. Did you mean 'InspectionTemplate'?
components/InspectionTemplateFormModal.tsx(2,57): error TS2724: '"../types"' has no exported member named 'InspectionItemTemplate'. Did you mean 'InspectionTemplate'?
components/InspectionTemplateFormModal.tsx(31,21): error TS2353: Object literal may only specify known properties, and 'description' does not exist in type 'SetStateAction<Partial<InspectionTemplate>>'.
components/InspectionTemplateFormModal.tsx(52,35): error TS2339: Property 'description' does not exist on type 'Partial<InspectionTemplate>'.
components/InspectionTemplateFormModal.tsx(130,70): error TS2339: Property 'description' does not exist on type 'Partial<InspectionTemplate>'.
components/InspectionTemplateFormModal.tsx(162,62): error TS2339: Property 'pageBreakBefore' does not exist on type 'ChecklistSection'.
components/IntelligentSearch.tsx(5,10): error TS2305: Module '"../core/services/geminiService"' has no exported member 'parseSearchQuery'.
components/InternalSaleStatementModal.tsx(5,48): error TS2305: Module '"../types"' has no exported member 'SalePrepCost'.
components/InternalSaleStatementModal.tsx(5,62): error TS2305: Module '"../types"' has no exported member 'SaleUpsell'.
components/InternalSaleStatementModal.tsx(5,74): error TS2305: Module '"../types"' has no exported member 'SaleOverhead'.
components/InternalSaleStatementModal.tsx(5,88): error TS2305: Module '"../types"' has no exported member 'SaleNonRecoverableCost'.
components/InternalSaleStatementModal.tsx(133,77): error TS2339: Property 'finalSalePrice' does not exist on type 'SaleVehicle'.
components/LiftFormModal.tsx(22,17): error TS2345: Argument of type 'Lift | { name: string; entityId: string; type: string; color: string; }' is not assignable to parameter of type 'SetStateAction<Partial<Lift>>'.
  Object literal may only specify known properties, and 'type' does not exist in type 'SetStateAction<Partial<Lift>>'.
components/LiftFormModal.tsx(38,28): error TS2339: Property 'type' does not exist on type 'Partial<Lift>'.
components/LiftFormModal.tsx(82,45): error TS2339: Property 'type' does not exist on type 'Partial<Lift>'.
components/management/tabs/ManagementBackupTab.tsx(51,22): error TS2367: This comparison appears to be unintentional because the types 'AppEnvironment' and '"UAT"' have no overlap.
components/management/tabs/ManagementBackupTab.tsx(51,57): error TS2367: This comparison appears to be unintentional because the types 'AppEnvironment' and '"Development"' have no overlap.
components/management/tabs/ManagementBatteryChargersTab.tsx(31,12): error TS2339: Property 'locationDescription' does not exist on type 'BatteryCharger'.
components/management/tabs/ManagementBatteryChargersTab.tsx(94,104): error TS2339: Property 'entityId' does not exist on type 'BatteryCharger'.
components/management/tabs/ManagementBatteryChargersTab.tsx(117,66): error TS2339: Property 'locationDescription' does not exist on type 'BatteryCharger'.
components/management/tabs/ManagementDiscountCodesTab.tsx(11,40): error TS2554: Expected 3 arguments, but got 2.
components/management/tabs/ManagementEntitiesTab.tsx(81,77): error TS2322: Type 'number' is not assignable to type 'string'.
components/management/tabs/ManagementEntitiesTab.tsx(123,21): error TS2353: Object literal may only specify known properties, and 'grandTotal' does not exist in type 'Invoice'.
components/management/tabs/ManagementEntitiesTab.tsx(161,62): error TS2339: Property 'color' does not exist on type 'BusinessEntity'.
components/management/tabs/ManagementEntitiesTab.tsx(166,65): error TS2339: Property 'color' does not exist on type 'BusinessEntity'.
components/management/tabs/ManagementEntitiesTab.tsx(166,95): error TS2339: Property 'color' does not exist on type 'BusinessEntity'.
components/management/tabs/ManagementInspectionTemplatesTab.tsx(25,19): error TS2339: Property 'description' does not exist on type 'InspectionTemplate'.
components/management/tabs/ManagementInspectionTemplatesTab.tsx(83,90): error TS2339: Property 'description' does not exist on type 'InspectionTemplate'.
components/management/tabs/ManagementLiftsTab.tsx(64,110): error TS2339: Property 'type' does not exist on type 'Lift'.
components/management/tabs/ManagementLiftsTab.tsx(65,55): error TS2339: Property 'type' does not exist on type 'Lift'.
components/management/tabs/ManagementRolesTab.tsx(46,12): error TS2339: Property 'description' does not exist on type 'Role'.
components/management/tabs/ManagementRolesTab.tsx(157,52): error TS2339: Property 'description' does not exist on type 'Role'.
components/management/tabs/ManagementSuppliersTab.tsx(119,101): error TS2339: Property 'email' does not exist on type 'Supplier'.
components/management/tabs/ManagementSuppliersTab.tsx(122,103): error TS2339: Property 'phone' does not exist on type 'Supplier'.
components/ManageSaleVehicleModal.tsx(2,57): error TS2305: Module '"../types"' has no exported member 'SaleUpsell'.
components/ManageSaleVehicleModal.tsx(2,69): error TS2305: Module '"../types"' has no exported member 'SalePrepCost'.
components/ManageSaleVehicleModal.tsx(2,99): error TS2305: Module '"../types"' has no exported member 'SaleOverhead'.
components/ManageSaleVehicleModal.tsx(2,159): error TS2305: Module '"../types"' has no exported member 'ChargingEvent'.
components/ManageSaleVehicleModal.tsx(2,174): error TS2305: Module '"../types"' has no exported member 'SaleNonRecoverableCost'.
components/ManageSaleVehicleModal.tsx(223,71): error TS2339: Property 'finalSalePrice' does not exist on type 'SaleVehicle'.
components/ManageSaleVehicleModal.tsx(267,15): error TS2741: Property 'payments' is missing in type '{ id: string; entityId: string; customerId: string; saleVehicleId: string; vehicleId: string; issueDate: string; dueDate: string; status: "Draft"; lineItems: { id: `${string}-${string}-${string}-${string}-${string}`; ... 4 more ...; taxCodeId: string; }[]; }' but required in type 'Invoice'.
components/ManageSaleVehicleModal.tsx(299,13): error TS2353: Object literal may only specify known properties, and 'soldDate' does not exist in type 'SaleVehicle'.
components/ManageSaleVehicleModal.tsx(306,48): error TS2339: Property 'linkedSaleVehicleId' does not exist on type 'Prospect'.
components/ManageSaleVehicleModal.tsx(311,17): error TS2353: Object literal may only specify known properties, and 'customerId' does not exist in type 'Prospect'.
components/ManageSaleVehicleModal.tsx(362,104): error TS2339: Property 'cost' does not exist on type 'SaleOverheadPackage'.
components/ManageSaleVehicleModal.tsx(385,49): error TS2339: Property 'entityId' does not exist on type 'BatteryCharger'.
components/ManageSaleVehicleModal.tsx(389,26): error TS2339: Property 'chargingHistory' does not exist on type 'SaleVehicle'.
components/ManageSaleVehicleModal.tsx(390,18): error TS2339: Property 'chargingHistory' does not exist on type 'SaleVehicle'.
components/ManageSaleVehicleModal.tsx(402,40): error TS2339: Property 'chargingHistory' does not exist on type 'SaleVehicle'.
components/ManageSaleVehicleModal.tsx(410,36): error TS2339: Property 'chargingHistory' does not exist on type 'SaleVehicle'.
components/ManageSaleVehicleModal.tsx(433,51): error TS2322: Type '{ id: string; label: string; }[]' is not assignable to type 'Option[]'.
  Property 'value' is missing in type '{ id: string; label: string; }' but required in type 'Option'.
components/ManageSaleVehicleModal.tsx(466,73): error TS2322: Type '{ id: string; label: string; }[]' is not assignable to type 'Option[]'.
  Property 'value' is missing in type '{ id: string; label: string; }' but required in type 'Option'.
components/ManageSaleVehicleModal.tsx(466,165): error TS2339: Property 'cost' does not exist on type 'SaleOverheadPackage'.
components/ManageSaleVehicleModal.tsx(494,44): error TS2339: Property 'chargingHistory' does not exist on type 'SaleVehicle'.
components/ManageSaleVehicleModal.tsx(507,44): error TS2339: Property 'chargingHistory' does not exist on type 'SaleVehicle'.
components/ManageSaleVehicleModal.tsx(561,59): error TS2322: Type '{ id: string; label: string; }[]' is not assignable to type 'Option[]'.
  Property 'value' is missing in type '{ id: string; label: string; }' but required in type 'Option'.
components/MediaManagerModal.tsx(39,25): error TS2353: Object literal may only specify known properties, and 'notes' does not exist in type 'TempMedia'.
components/MediaManagerModal.tsx(66,52): error TS2353: Object literal may only specify known properties, and 'notes' does not exist in type 'CheckInPhoto'.
components/MediaManagerModal.tsx(66,64): error TS2339: Property 'notes' does not exist on type 'TempMedia'.
components/MediaManagerModal.tsx(74,48): error TS2353: Object literal may only specify known properties, and 'notes' does not exist in type 'CheckInPhoto'.
components/MediaManagerModal.tsx(74,60): error TS2339: Property 'notes' does not exist on type 'TempMedia'.
components/MediaManagerModal.tsx(119,53): error TS2339: Property 'notes' does not exist on type 'TempMedia'.
components/MOTBookingModal.tsx(32,63): error TS2339: Property 'type' does not exist on type 'Lift'.
components/OwnerStatementModal.tsx(5,58): error TS2305: Module '"../types"' has no exported member 'SalePrepCost'.
components/OwnerStatementModal.tsx(108,44): error TS2339: Property 'finalSalePrice' does not exist on type 'SaleVehicle'.
components/PrintableInvoice.tsx(143,34): error TS2339: Property 'pageBreakBefore' does not exist on type 'ChecklistSection'.
components/PrintableInvoice.tsx(208,42): error TS2339: Property 'logoImageId' does not exist on type 'BusinessEntity'.
components/PrintableInvoice.tsx(210,69): error TS2339: Property 'logoImageId' does not exist on type 'BusinessEntity'.
components/PrintableInvoice.tsx(285,46): error TS2339: Property 'bankAccountName' does not exist on type 'BusinessEntity'.
components/PrintableInvoice.tsx(288,70): error TS2339: Property 'bankAccountName' does not exist on type 'BusinessEntity'.
components/PrintableInvoice.tsx(289,67): error TS2339: Property 'bankSortCode' does not exist on type 'BusinessEntity'.
components/PrintableInvoice.tsx(290,68): error TS2339: Property 'bankAccountNumber' does not exist on type 'BusinessEntity'.
components/PrintableInvoice.tsx(308,41): error TS2339: Property 'invoiceFooterText' does not exist on type 'BusinessEntity'.
components/PrintableVehicleHistory.tsx(157,87): error TS2339: Property 'tyreDepths' does not exist on type 'Job'.
components/PrintableVehicleHistory.tsx(158,88): error TS2339: Property 'tyreDepths' does not exist on type 'Job'.
components/PrintableVehicleHistory.tsx(159,86): error TS2339: Property 'tyreDepths' does not exist on type 'Job'.
components/PrintableVehicleHistory.tsx(160,87): error TS2339: Property 'tyreDepths' does not exist on type 'Job'.
components/ProspectFormModal.tsx(29,17): error TS2345: Argument of type '{ id: string; firstName: string; lastName: string; email: string; phone?: string; source?: string; status: "New" | "Contacted" | "Qualified" | "Lost" | "Converted"; notes?: string; interestedVehicleId?: string; createdAt?: string; assignedUserId?: string; } | { ...; }' is not assignable to parameter of type 'SetStateAction<Partial<Prospect>>'.
  Object literal may only specify known properties, and 'entityId' does not exist in type 'SetStateAction<Partial<Prospect>>'.
components/ProspectFormModal.tsx(54,21): error TS2345: Argument of type '(p: Partial<Prospect>) => { customerId: any; status: "Active"; id?: string; firstName?: string; lastName?: string; email?: string; phone?: string; source?: string; notes?: string; interestedVehicleId?: string; createdAt?: string; assignedUserId?: string; }' is not assignable to parameter of type 'SetStateAction<Partial<Prospect>>'.
  Type '(p: Partial<Prospect>) => { customerId: any; status: "Active"; id?: string; firstName?: string; lastName?: string; email?: string; phone?: string; source?: string; notes?: string; interestedVehicleId?: string; createdAt?: string; assignedUserId?: string; }' is not assignable to type '(prevState: Partial<Prospect>) => Partial<Prospect>'.
    Call signature return types '{ customerId: any; status: "Active"; id?: string; firstName?: string; lastName?: string; email?: string; phone?: string; source?: string; notes?: string; interestedVehicleId?: string; createdAt?: string; assignedUserId?: string; }' and 'Partial<Prospect>' are incompatible.
      The types of 'status' are incompatible between these types.
        Type '"Active"' is not assignable to type '"New" | "Contacted" | "Qualified" | "Lost" | "Converted"'.
components/ProspectFormModal.tsx(64,23): error TS2339: Property 'name' does not exist on type 'Partial<Prospect>'.
components/ProspectFormModal.tsx(88,66): error TS2339: Property 'customerId' does not exist on type 'Partial<Prospect>'.
components/ProspectFormModal.tsx(99,18): error TS2739: Type '{ isOpen: true; onClose: () => void; onSave: (newCustomer: Customer) => void; customer: null; existingCustomers: Customer[]; }' is missing the following properties from type 'CustomerFormModalProps': jobs, vehicles, estimates, invoices
components/ProspectFormModal.tsx(111,64): error TS2339: Property 'name' does not exist on type 'Partial<Prospect>'.
components/ProspectFormModal.tsx(135,70): error TS2339: Property 'desiredVehicle' does not exist on type 'Partial<Prospect>'.
components/ProspectFormModal.tsx(140,29): error TS2322: Type '{ id: string; label: string; }[]' is not assignable to type 'Option[]'.
  Property 'value' is missing in type '{ id: string; label: string; }' but required in type 'Option'.
components/ProspectFormModal.tsx(141,45): error TS2339: Property 'linkedSaleVehicleId' does not exist on type 'Partial<Prospect>'.
components/ProspectFormModal.tsx(167,37): error TS2322: Type '{ id: string; label: string; }[]' is not assignable to type 'Option[]'.
  Property 'value' is missing in type '{ id: string; label: string; }' but required in type 'Option'.
components/PurchaseFormModal.tsx(6,10): error TS2724: '"../core/utils/numberGenerators"' has no exported member named 'generatePurchaseId'. Did you mean 'generatePurchaseOrderId'?
components/PurchasesView.tsx(9,10): error TS2724: '"../core/utils/numberGenerators"' has no exported member named 'generatePurchaseId'. Did you mean 'generatePurchaseOrderId'?
components/RentalAgreementModal.tsx(124,30): error TS2339: Property 'damageCheckImageId' does not exist on type 'RentalVehicle'.
components/RentalBookingModal.tsx(32,17): error TS2345: Argument of type '{ id?: string; entityId?: string; customerId?: string; rentalVehicleId?: string; startDate?: string; endDate?: string; status?: "Cancelled" | "Draft" | "Confirmed" | "Active" | "Completed"; notes?: string; totalPrice?: number; createdByUserId?: string; } | { ...; }' is not assignable to parameter of type 'SetStateAction<Partial<RentalBooking>>'.
  Object literal may only specify known properties, and 'bookingType' does not exist in type 'SetStateAction<Partial<RentalBooking>>'.
components/RentalBookingModal.tsx(35,43): error TS2339: Property 'additionalCharges' does not exist on type 'Partial<RentalBooking>'.
components/RentalBookingModal.tsx(55,22): error TS2339: Property 'bookingType' does not exist on type 'Partial<RentalBooking>'.
components/RentalBookingModal.tsx(63,57): error TS2339: Property 'weeklyRate' does not exist on type 'RentalVehicle'.
components/RentalBookingModal.tsx(63,110): error TS2339: Property 'dailyRate' does not exist on type 'RentalVehicle'.
components/RentalBookingModal.tsx(69,79): error TS2339: Property 'bookingType' does not exist on type 'Partial<RentalBooking>'.
components/RentalBookingModal.tsx(128,68): error TS2339: Property 'bookingType' does not exist on type 'Partial<RentalBooking>'.
components/RentalBookingModal.tsx(133,31): error TS2339: Property 'bookingType' does not exist on type 'Partial<RentalBooking>'.
components/RentalBookingModal.tsx(138,56): error TS2339: Property 'jobId' does not exist on type 'Partial<RentalBooking>'.
components/RentalCheckInCheckOutModal.tsx(2,49): error TS2305: Module '"../types"' has no exported member 'DamagePoint'.
components/RentalCheckInCheckOutModal.tsx(26,59): error TS2339: Property 'checkOutDetails' does not exist on type 'RentalBooking'.
components/RentalCheckInCheckOutModal.tsx(26,85): error TS2339: Property 'checkInDetails' does not exist on type 'RentalBooking'.
components/RentalCheckInCheckOutModal.tsx(30,85): error TS2339: Property 'checkInDetails' does not exist on type 'RentalBooking'.
components/RentalCheckInCheckOutModal.tsx(30,131): error TS2339: Property 'checkOutDetails' does not exist on type 'RentalBooking'.
components/RentalCheckInCheckOutModal.tsx(31,42): error TS2339: Property 'additionalCharges' does not exist on type 'RentalBooking'.
components/RentalCheckInCheckOutModal.tsx(46,28): error TS2339: Property 'checkOutDetails' does not exist on type '{ id: string; entityId: string; customerId: string; rentalVehicleId: string; startDate: string; endDate: string; status: "Cancelled" | "Draft" | "Confirmed" | "Active" | "Completed"; notes?: string; totalPrice?: number; createdByUserId?: string; }'.
components/RentalCheckInCheckOutModal.tsx(49,28): error TS2339: Property 'checkInDetails' does not exist on type '{ id: string; entityId: string; customerId: string; rentalVehicleId: string; startDate: string; endDate: string; status: "Cancelled" | "Draft" | "Confirmed" | "Active" | "Completed"; notes?: string; totalPrice?: number; createdByUserId?: string; }'.
components/RentalCheckInCheckOutModal.tsx(51,28): error TS2339: Property 'additionalCharges' does not exist on type '{ id: string; entityId: string; customerId: string; rentalVehicleId: string; startDate: string; endDate: string; status: "Cancelled" | "Draft" | "Confirmed" | "Active" | "Completed"; notes?: string; totalPrice?: number; createdByUserId?: string; }'.
components/RentalCheckInCheckOutModal.tsx(67,30): error TS2339: Property 'damageCheckImageId' does not exist on type 'RentalVehicle'.
components/RentalCheckInCheckOutModal.tsx(116,64): error TS2339: Property 'damageMarkerColors' does not exist on type 'RentalVehicle'.
components/RentalCheckInCheckOutModal.tsx(117,72): error TS2339: Property 'checkOutDetails' does not exist on type 'RentalBooking'.
components/RentalCheckInCheckOutModal.tsx(118,45): error TS2339: Property 'checkOutDetails' does not exist on type 'RentalBooking'.
components/RentalCheckInCheckOutModal.tsx(119,62): error TS2339: Property 'damageMarkerColors' does not exist on type 'RentalVehicle'.
components/RentalCheckInReportModal.tsx(132,30): error TS2339: Property 'damageCheckImageId' does not exist on type 'RentalVehicle'.
components/RentalsView.tsx(3,80): error TS2305: Module '"../types"' has no exported member 'RentalDriverDetails'.
components/RentalsView.tsx(3,101): error TS2305: Module '"../types"' has no exported member 'DamagePoint'.
components/RentalsView.tsx(64,86): error TS2339: Property 'bookingType' does not exist on type 'RentalBooking'.
components/RentalsView.tsx(64,135): error TS2339: Property 'jobId' does not exist on type 'RentalBooking'.
components/RentalsView.tsx(64,168): error TS2339: Property 'totalCost' does not exist on type 'RentalBooking'.
components/RentalVehicleFormModal.tsx(43,17): error TS2322: Type '{ id?: string; entityId?: string; make?: string; model?: string; registration?: string; } | { entityId: string; status: string; type: string; damageMarkerColors: { checkOut: string; checkIn: string; }; }' is not assignable to type 'Partial<RentalVehicle>'.
  Object literal may only specify known properties, and 'status' does not exist in type 'Partial<RentalVehicle>'.
components/RentalVehicleFormModal.tsx(50,44): error TS2339: Property 'damageCheckImageId' does not exist on type 'Partial<RentalVehicle>'.
components/RentalVehicleFormModal.tsx(51,40): error TS2339: Property 'damageCheckImageId' does not exist on type 'Partial<RentalVehicle>'.
components/RentalVehicleFormModal.tsx(69,26): error TS2339: Property 'damageMarkerColors' does not exist on type 'Partial<RentalVehicle> & { tempImageUrl?: string; }'.
components/RentalVehicleFormModal.tsx(105,20): error TS2339: Property 'type' does not exist on type '{ id?: string; entityId?: string; make?: string; model?: string; registration?: string; }'.
components/RentalVehicleFormModal.tsx(116,29): error TS2322: Type '{ id: string; label: string; }[]' is not assignable to type 'Option[]'.
  Property 'value' is missing in type '{ id: string; label: string; }' but required in type 'Option'.
components/RentalVehicleFormModal.tsx(128,74): error TS2339: Property 'status' does not exist on type 'Partial<RentalVehicle> & { tempImageUrl?: string; }'.
components/RentalVehicleFormModal.tsx(134,110): error TS2339: Property 'dailyRate' does not exist on type 'Partial<RentalVehicle> & { tempImageUrl?: string; }'.
components/RentalVehicleFormModal.tsx(135,112): error TS2339: Property 'weeklyRate' does not exist on type 'Partial<RentalVehicle> & { tempImageUrl?: string; }'.
components/RentalVehicleFormModal.tsx(153,120): error TS2339: Property 'damageMarkerColors' does not exist on type 'Partial<RentalVehicle> & { tempImageUrl?: string; }'.
components/RentalVehicleFormModal.tsx(154,119): error TS2339: Property 'damageMarkerColors' does not exist on type 'Partial<RentalVehicle> & { tempImageUrl?: string; }'.
components/RoleFormModal.tsx(18,72): error TS2322: Type '"Garage Concierge"' is not assignable to type 'UserRole'.
components/RoleFormModal.tsx(18,92): error TS2322: Type '"Sales"' is not assignable to type 'UserRole'.
components/RoleFormModal.tsx(52,17): error TS2353: Object literal may only specify known properties, and 'canManageCustomers' does not exist in type 'ManagedDataPermissions'.
components/RoleFormModal.tsx(152,79): error TS2322: Type 'UserRole' is not assignable to type '"Admin" | "Engineer" | "Dispatcher" | "Sales" | "Garage Concierge"'.
  Type '"admin"' is not assignable to type '"Admin" | "Engineer" | "Dispatcher" | "Sales" | "Garage Concierge"'. Did you mean '"Admin"'?
components/RoleFormModal.tsx(162,49): error TS2339: Property 'description' does not exist on type 'Role'.
components/RoleFormModal.tsx(163,75): error TS2353: Object literal may only specify known properties, and 'description' does not exist in type 'SetStateAction<Role>'.
components/SalesSummaryReportModal.tsx(80,73): error TS2339: Property 'finalSalePrice' does not exist on type 'SaleVehicle'.
components/SalesSummaryReportModal.tsx(122,45): error TS2339: Property 'soldDate' does not exist on type 'SaleVehicle'.
components/SalesSummaryReportModal.tsx(122,60): error TS2339: Property 'soldDate' does not exist on type 'SaleVehicle'.
components/SalesSummaryReportModal.tsx(122,88): error TS2339: Property 'soldDate' does not exist on type 'SaleVehicle'.
components/SalesSummaryReportModal.tsx(142,43): error TS2339: Property 'soldDate' does not exist on type 'SaleVehicle'.
components/SalesSummaryReportModal.tsx(142,87): error TS2339: Property 'soldDate' does not exist on type 'SaleVehicle'.
components/SaleStatementModal.tsx(5,58): error TS2305: Module '"../types"' has no exported member 'SalePrepCost'.
components/SaleStatementModal.tsx(151,44): error TS2339: Property 'finalSalePrice' does not exist on type 'SaleVehicle'.
components/SalesView.tsx(48,15): error TS2339: Property 'name' does not exist on type 'Prospect'.
components/SalesView.tsx(50,15): error TS2339: Property 'desiredVehicle' does not exist on type 'Prospect'.
components/SalesView.tsx(60,35): error TS2339: Property 'buyerCustomerId' does not exist on type 'SaleVehicle'.
components/SalesView.tsx(60,83): error TS2339: Property 'buyerCustomerId' does not exist on type 'SaleVehicle'.
components/SalesView.tsx(61,46): error TS2339: Property 'chargingHistory' does not exist on type 'SaleVehicle'.
components/SalesView.tsx(118,104): error TS2339: Property 'finalSalePrice' does not exist on type 'SaleVehicle'.
components/SalesView.tsx(164,91): error TS2339: Property 'linkedSaleVehicleId' does not exist on type 'Prospect'.
components/SalesView.tsx(166,61): error TS2339: Property 'customerId' does not exist on type 'Prospect'.
components/SalesView.tsx(166,101): error TS2339: Property 'customerId' does not exist on type 'Prospect'.
components/SalesView.tsx(170,38): error TS2367: This comparison appears to be unintentional because the types '"New" | "Contacted" | "Qualified" | "Lost"' and '"Archived"' have no overlap.
components/SalesView.tsx(174,81): error TS2339: Property 'name' does not exist on type 'Prospect'.
components/SalesView.tsx(176,67): error TS2339: Property 'desiredVehicle' does not exist on type 'Prospect'.
components/ServicePackageFormModal.tsx(37,37): error TS2339: Property 'taxCodeId' does not exist on type '{ description: string; quantity: number; unitPrice: number; unitCost: number; isStock?: boolean; isLabor?: boolean; fromStock?: boolean; partId?: string; partNumber?: string; }'.
components/ServicePackageFormModal.tsx(70,20): error TS2339: Property 'id' does not exist on type '{ description: string; quantity: number; unitPrice: number; unitCost: number; isStock?: boolean; isLabor?: boolean; fromStock?: boolean; partId?: string; partNumber?: string; }'.
components/ServicePackageFormModal.tsx(76,54): error TS2339: Property 'id' does not exist on type '{ description: string; quantity: number; unitPrice: number; unitCost: number; isStock?: boolean; isLabor?: boolean; fromStock?: boolean; partId?: string; partNumber?: string; }'.
components/ServicePackageFormModal.tsx(99,110): error TS2339: Property 'id' does not exist on type '{ description: string; quantity: number; unitPrice: number; unitCost: number; isStock?: boolean; isLabor?: boolean; fromStock?: boolean; partId?: string; partNumber?: string; }'.
components/ServicePackageFormModal.tsx(110,74): error TS2339: Property 'taxCodeId' does not exist on type '{ description: string; quantity: number; unitPrice: number; unitCost: number; isStock?: boolean; isLabor?: boolean; fromStock?: boolean; partId?: string; partNumber?: string; }'.
components/ServicePackageFormModal.tsx(151,62): error TS2339: Property 'taxCodeId' does not exist on type '{ description: string; quantity: number; unitPrice: number; unitCost: number; isStock?: boolean; isLabor?: boolean; fromStock?: boolean; partId?: string; partNumber?: string; }'.
components/ServicePackageFormModal.tsx(173,13): error TS2561: Object literal may only specify known properties, but 'totalPriceVat' does not exist in type 'ServicePackage'. Did you mean to write 'totalPrice'?
components/ServicePackageFormModal.tsx(185,76): error TS2339: Property 'id' does not exist on type '{ description: string; quantity: number; unitPrice: number; unitCost: number; isStock?: boolean; isLabor?: boolean; fromStock?: boolean; partId?: string; partNumber?: string; }'.
components/ServicePackageFormModal.tsx(328,82): error TS2339: Property 'id' does not exist on type '{ description: string; quantity: number; unitPrice: number; unitCost: number; isStock?: boolean; isLabor?: boolean; fromStock?: boolean; partId?: string; partNumber?: string; }'.
components/ServicePackageFormModal.tsx(330,42): error TS2339: Property 'id' does not exist on type '{ description: string; quantity: number; unitPrice: number; unitCost: number; isStock?: boolean; isLabor?: boolean; fromStock?: boolean; partId?: string; partNumber?: string; }'.
components/ServicePackageFormModal.tsx(335,84): error TS2339: Property 'id' does not exist on type '{ description: string; quantity: number; unitPrice: number; unitCost: number; isStock?: boolean; isLabor?: boolean; fromStock?: boolean; partId?: string; partNumber?: string; }'.
components/ServicePackageFormModal.tsx(337,80): error TS2339: Property 'id' does not exist on type '{ description: string; quantity: number; unitPrice: number; unitCost: number; isStock?: boolean; isLabor?: boolean; fromStock?: boolean; partId?: string; partNumber?: string; }'.
components/ServicePackageFormModal.tsx(347,99): error TS2339: Property 'id' does not exist on type '{ description: string; quantity: number; unitPrice: number; unitCost: number; isStock?: boolean; isLabor?: boolean; fromStock?: boolean; partId?: string; partNumber?: string; }'.
components/ServicePackageFormModal.tsx(349,76): error TS2339: Property 'id' does not exist on type '{ description: string; quantity: number; unitPrice: number; unitCost: number; isStock?: boolean; isLabor?: boolean; fromStock?: boolean; partId?: string; partNumber?: string; }'.
components/ServicePackageFormModal.tsx(361,96): error TS2339: Property 'id' does not exist on type '{ description: string; quantity: number; unitPrice: number; unitCost: number; isStock?: boolean; isLabor?: boolean; fromStock?: boolean; partId?: string; partNumber?: string; }'.
components/ServicePackageFormModal.tsx(372,91): error TS2339: Property 'id' does not exist on type '{ description: string; quantity: number; unitPrice: number; unitCost: number; isStock?: boolean; isLabor?: boolean; fromStock?: boolean; partId?: string; partNumber?: string; }'.
components/ServicePackageFormModal.tsx(380,56): error TS2339: Property 'supplierId' does not exist on type '{ description: string; quantity: number; unitPrice: number; unitCost: number; isStock?: boolean; isLabor?: boolean; fromStock?: boolean; partId?: string; partNumber?: string; }'.
components/ServicePackageFormModal.tsx(382,65): error TS2339: Property 'supplierId' does not exist on type '{ description: string; quantity: number; unitPrice: number; unitCost: number; isStock?: boolean; isLabor?: boolean; fromStock?: boolean; partId?: string; partNumber?: string; }'.
components/ServicePackageFormModal.tsx(386,146): error TS2339: Property 'id' does not exist on type '{ description: string; quantity: number; unitPrice: number; unitCost: number; isStock?: boolean; isLabor?: boolean; fromStock?: boolean; partId?: string; partNumber?: string; }'.
components/ServicePackageFormModal.tsx(387,153): error TS2339: Property 'id' does not exist on type '{ description: string; quantity: number; unitPrice: number; unitCost: number; isStock?: boolean; isLabor?: boolean; fromStock?: boolean; partId?: string; partNumber?: string; }'.
components/ServicePackageFormModal.tsx(388,154): error TS2339: Property 'id' does not exist on type '{ description: string; quantity: number; unitPrice: number; unitCost: number; isStock?: boolean; isLabor?: boolean; fromStock?: boolean; partId?: string; partNumber?: string; }'.
components/ServicePackageFormModal.tsx(390,55): error TS2339: Property 'taxCodeId' does not exist on type '{ description: string; quantity: number; unitPrice: number; unitCost: number; isStock?: boolean; isLabor?: boolean; fromStock?: boolean; partId?: string; partNumber?: string; }'.
components/ServicePackageFormModal.tsx(390,107): error TS2339: Property 'id' does not exist on type '{ description: string; quantity: number; unitPrice: number; unitCost: number; isStock?: boolean; isLabor?: boolean; fromStock?: boolean; partId?: string; partNumber?: string; }'.
components/ServicePackageFormModal.tsx(399,80): error TS2339: Property 'id' does not exist on type '{ description: string; quantity: number; unitPrice: number; unitCost: number; isStock?: boolean; isLabor?: boolean; fromStock?: boolean; partId?: string; partNumber?: string; }'.
components/ServicePackageFormModal.tsx(408,68): error TS2339: Property 'id' does not exist on type '{ description: string; quantity: number; unitPrice: number; unitCost: number; isStock?: boolean; isLabor?: boolean; fromStock?: boolean; partId?: string; partNumber?: string; }'.
components/StorageView.tsx(5,94): error TS2305: Module '"../types"' has no exported member 'ChargingEvent'.
components/StorageView.tsx(40,26): error TS2339: Property 'chargingHistory' does not exist on type 'StorageBooking'.
components/StorageView.tsx(41,18): error TS2339: Property 'chargingHistory' does not exist on type 'StorageBooking'.
components/StorageView.tsx(63,40): error TS2339: Property 'chargingHistory' does not exist on type 'StorageBooking'.
components/StorageView.tsx(71,36): error TS2339: Property 'chargingHistory' does not exist on type 'StorageBooking'.
components/StorageView.tsx(77,94): error TS2339: Property 'locationDescription' does not exist on type 'BatteryCharger'.
components/StorageView.tsx(79,46): error TS2339: Property 'entityId' does not exist on type 'BatteryCharger'.
components/StorageView.tsx(83,43): error TS2339: Property 'lastBilledDate' does not exist on type 'StorageBooking'.
components/StorageView.tsx(83,94): error TS2339: Property 'lastBilledDate' does not exist on type 'StorageBooking'.
components/StorageView.tsx(97,44): error TS2339: Property 'invoiceIds' does not exist on type 'StorageBooking'.
components/StorageView.tsx(130,41): error TS2339: Property 'chargingHistory' does not exist on type 'StorageBooking'.
components/StorageView.tsx(143,40): error TS2339: Property 'chargingHistory' does not exist on type 'StorageBooking'.
components/StorageView.tsx(151,286): error TS2339: Property 'locationDescription' does not exist on type 'BatteryCharger'.
components/StorageView.tsx(151,315): error TS2339: Property 'locationDescription' does not exist on type 'BatteryCharger'.
components/StorageView.tsx(166,144): error TS2339: Property 'lastBilledDate' does not exist on type 'StorageBooking'.
components/StorageView.tsx(297,65): error TS2339: Property 'capacity' does not exist on type 'StorageLocation'.
components/StorageView.tsx(313,40): error TS2339: Property 'capacity' does not exist on type 'StorageLocation'.
components/StorageView.tsx(347,46): error TS2339: Property 'lastBilledDate' does not exist on type 'StorageBooking'.
components/StorageView.tsx(347,96): error TS2339: Property 'lastBilledDate' does not exist on type 'StorageBooking'.
components/StorageView.tsx(358,17): error TS2353: Object literal may only specify known properties, and 'storageBookingId' does not exist in type 'Invoice'.
components/StorageView.tsx(374,42): error TS2339: Property 'invoiceIds' does not exist on type 'StorageBooking'.
components/StorageView.tsx(471,59): error TS2339: Property 'chargingHistory' does not exist on type 'StorageBooking'.
components/StorageView.tsx(536,47): error TS2339: Property 'defaultWeeklyStorageRate' does not exist on type 'BusinessEntity'.
components/StorageView.tsx(548,58): error TS2339: Property 'lastBilledDate' does not exist on type 'StorageBooking'.
components/StorageView.tsx(548,108): error TS2339: Property 'lastBilledDate' does not exist on type 'StorageBooking'.
components/StorageView.tsx(558,29): error TS2353: Object literal may only specify known properties, and 'storageBookingId' does not exist in type 'Invoice'.
components/StorageView.tsx(568,53): error TS2353: Object literal may only specify known properties, and 'lastBilledDate' does not exist in type 'StorageBooking'.
components/StorageView.tsx(568,122): error TS2339: Property 'invoiceIds' does not exist on type 'StorageBooking'.
components/SupplierFormModal.tsx(21,17): error TS2345: Argument of type 'Supplier | { name: string; shortCode: string; contactName: string; phone: string; email: string; addressLine1: string; city: string; postcode: string; }' is not assignable to parameter of type 'SetStateAction<Partial<Supplier>>'.
  Object literal may only specify known properties, and 'phone' does not exist in type 'SetStateAction<Partial<Supplier>>'.
components/SupplierFormModal.tsx(46,29): error TS2339: Property 'phone' does not exist on type 'Partial<Supplier>'.
components/SupplierFormModal.tsx(47,29): error TS2339: Property 'email' does not exist on type 'Partial<Supplier>'.
components/SupplierFormModal.tsx(71,70): error TS2339: Property 'email' does not exist on type 'Partial<Supplier>'.
components/SupplierFormModal.tsx(75,57): error TS2339: Property 'phone' does not exist on type 'Partial<Supplier>'.
components/VehicleImageManager.tsx(22,23): error TS2741: Property 'uploadedAt' is missing in type '{ id: `${string}-${string}-${string}-${string}-${string}`; isPrimaryDiagram: false; }' but required in type 'VehicleImage'.
core/data/initialData.ts(266,5): error TS2739: Type '{ id: string; entityId: string; vehicleId: string; customerId: string; }' is missing the following properties from type 'StorageBooking': locationId, slotIdentifier, startDate, weeklyRate
core/hooks/useAuditLogger.ts(4,10): error TS2305: Module '"../../types"' has no exported member 'AuditAction'.
core/utils/dateUtils.ts(130,23): error TS2345: Argument of type '{ segmentId: `${string}-${string}-${string}-${string}-${string}`; duration: number; date: string; scheduledStartSegment: null; allocatedLift: null; engineerId: null; status: "Unallocated"; }' is not assignable to parameter of type 'JobSegment'.
  Type '{ segmentId: `${string}-${string}-${string}-${string}-${string}`; duration: number; date: string; scheduledStartSegment: null; allocatedLift: null; engineerId: null; status: "Unallocated"; }' is missing the following properties from type 'JobSegment': id, description
core/utils/packageUtils.ts(8,22): error TS2551: Property 'totalPriceVat' does not exist on type 'ServicePackage'. Did you mean 'totalPrice'?
core/utils/packageUtils.ts(8,56): error TS2551: Property 'totalPriceVat' does not exist on type 'ServicePackage'. Did you mean 'totalPrice'?
core/utils/templateUtils.ts(25,13): error TS2322: Type '"motReminderEmailTemplate" | "motReminderSmsTemplate"' is not assignable to type 'keyof BusinessEntity'.
  Type '"motReminderEmailTemplate"' is not assignable to type 'keyof BusinessEntity'.
core/utils/templateUtils.ts(30,13): error TS2322: Type '"serviceReminderEmailTemplate" | "serviceReminderSmsTemplate"' is not assignable to type 'keyof BusinessEntity'.
  Type '"serviceReminderEmailTemplate"' is not assignable to type 'keyof BusinessEntity'.
core/utils/templateUtils.ts(34,14): error TS2678: Type '"Winter Check"' is not comparable to type '"MOT" | "Other" | "Service"'.
core/utils/templateUtils.ts(35,13): error TS2322: Type '"winterCheckReminderEmailTemplate" | "winterCheckReminderSmsTemplate"' is not assignable to type 'keyof BusinessEntity'.
  Type '"winterCheckReminderEmailTemplate"' is not assignable to type 'keyof BusinessEntity'.
core/utils/templateUtils.ts(36,177): error TS2339: Property 'dueDate' does not exist on type 'Reminder'.
core/utils/templateUtils.ts(39,14): error TS2678: Type '"Marketing"' is not comparable to type '"MOT" | "Other" | "Service"'.
core/utils/templateUtils.ts(40,13): error TS2322: Type '"marketingReminderEmailTemplate" | "marketingReminderSmsTemplate"' is not assignable to type 'keyof BusinessEntity'.
  Type '"marketingReminderEmailTemplate"' is not assignable to type 'keyof BusinessEntity'.
core/utils/templateUtils.ts(42,95): error TS2339: Property 'eventName' does not exist on type 'Reminder'.
core/utils/templateUtils.ts(56,43): error TS2339: Property 'dueDate' does not exist on type 'Reminder'.
core/utils/templateUtils.ts(60,45): error TS2339: Property 'eventName' does not exist on type 'Reminder'.
data/initialData.ts(54,40): error TS2352: Conversion of type '({ id: string; name: string; password: string; role: "Admin"; holidayApproverId: string; holidayEntitlement: number; } | { id: string; name: string; password: string; role: "Sales"; holidayApproverId: string; holidayEntitlement: number; } | { ...; } | { ...; } | { ...; })[]' to type 'User[]' may be a mistake because neither type sufficiently overlaps with the other. If this was intentional, convert the expression to 'unknown' first.
  Type '{ id: string; name: string; password: string; role: "Admin"; holidayApproverId: string; holidayEntitlement: number; } | { id: string; name: string; password: string; role: "Sales"; holidayApproverId: string; holidayEntitlement: number; } | { ...; } | { ...; } | { ...; }' is not comparable to type 'User'.
    Object literal may only specify known properties, and 'password' does not exist in type 'User'.
data/initialData.ts(67,88): error TS2353: Object literal may only specify known properties, and 'color' does not exist in type 'BusinessEntity'.
data/initialData.ts(80,73): error TS2353: Object literal may only specify known properties, and 'color' does not exist in type 'BusinessEntity'.
data/initialData.ts(89,76): error TS2353: Object literal may only specify known properties, and 'color' does not exist in type 'BusinessEntity'.
data/initialData.ts(98,67): error TS2353: Object literal may only specify known properties, and 'color' does not exist in type 'BusinessEntity'.
data/initialData.ts(101,78): error TS2353: Object literal may only specify known properties, and 'color' does not exist in type 'BusinessEntity'.
data/initialData.ts(102,71): error TS2353: Object literal may only specify known properties, and 'color' does not exist in type 'BusinessEntity'.
data/initialData.ts(146,63): error TS2353: Object literal may only specify known properties, and 'type' does not exist in type 'Lift'.
data/initialData.ts(147,63): error TS2353: Object literal may only specify known properties, and 'type' does not exist in type 'Lift'.
data/initialData.ts(148,63): error TS2353: Object literal may only specify known properties, and 'type' does not exist in type 'Lift'.
data/initialData.ts(149,63): error TS2353: Object literal may only specify known properties, and 'type' does not exist in type 'Lift'.
data/initialData.ts(150,63): error TS2353: Object literal may only specify known properties, and 'type' does not exist in type 'Lift'.
data/initialData.ts(151,63): error TS2353: Object literal may only specify known properties, and 'type' does not exist in type 'Lift'.
data/initialData.ts(152,72): error TS2353: Object literal may only specify known properties, and 'type' does not exist in type 'Lift'.
data/initialData.ts(153,61): error TS2353: Object literal may only specify known properties, and 'type' does not exist in type 'Lift'.
data/initialData.ts(154,61): error TS2353: Object literal may only specify known properties, and 'type' does not exist in type 'Lift'.
data/initialData.ts(155,61): error TS2353: Object literal may only specify known properties, and 'type' does not exist in type 'Lift'.
data/initialData.ts(156,66): error TS2353: Object literal may only specify known properties, and 'type' does not exist in type 'Lift'.
data/initialData.ts(157,72): error TS2353: Object literal may only specify known properties, and 'type' does not exist in type 'Lift'.
data/initialData.ts(158,72): error TS2353: Object literal may only specify known properties, and 'type' does not exist in type 'Lift'.
data/initialData.ts(162,64): error TS2353: Object literal may only specify known properties, and 'specialization' does not exist in type 'Engineer'.
data/initialData.ts(163,62): error TS2353: Object literal may only specify known properties, and 'specialization' does not exist in type 'Engineer'.
data/initialData.ts(164,62): error TS2353: Object literal may only specify known properties, and 'specialization' does not exist in type 'Engineer'.
data/initialData.ts(165,62): error TS2353: Object literal may only specify known properties, and 'specialization' does not exist in type 'Engineer'.
data/initialData.ts(166,64): error TS2353: Object literal may only specify known properties, and 'specialization' does not exist in type 'Engineer'.
data/initialData.ts(167,57): error TS2353: Object literal may only specify known properties, and 'specialization' does not exist in type 'Engineer'.
data/initialData.ts(168,57): error TS2353: Object literal may only specify known properties, and 'specialization' does not exist in type 'Engineer'.
data/initialData.ts(169,69): error TS2353: Object literal may only specify known properties, and 'specialization' does not exist in type 'Engineer'.
data/initialData.ts(175,259): error TS2322: Type 'number' is not assignable to type 'string'.
data/initialData.ts(176,260): error TS2322: Type 'number' is not assignable to type 'string'.
data/initialData.ts(178,257): error TS2322: Type 'number' is not assignable to type 'string'.
data/initialData.ts(186,210): error TS2353: Object literal may only specify known properties, and 'grandTotal' does not exist in type 'Invoice'.
data/initialData.ts(190,217): error TS2741: Property 'unitCost' is missing in type '{ id: string; description: string; quantity: number; unitPrice: number; isLabor: true; }' but required in type 'EstimateLineItem'.
data/initialData.ts(191,213): error TS2741: Property 'unitCost' is missing in type '{ id: string; description: string; quantity: number; unitPrice: number; isLabor: true; }' but required in type 'EstimateLineItem'.
data/initialData.ts(195,69): error TS2353: Object literal may only specify known properties, and 'phone' does not exist in type 'Supplier'.
data/initialData.ts(196,70): error TS2353: Object literal may only specify known properties, and 'phone' does not exist in type 'Supplier'.
data/initialData.ts(197,85): error TS2353: Object literal may only specify known properties, and 'phone' does not exist in type 'Supplier'.
data/initialData.ts(198,73): error TS2353: Object literal may only specify known properties, and 'phone' does not exist in type 'Supplier'.
data/initialData.ts(209,23): error TS2353: Object literal may only specify known properties, and 'id' does not exist in type '{ description: string; quantity: number; unitPrice: number; unitCost: number; isStock?: boolean; isLabor?: boolean; fromStock?: boolean; partId?: string; partNumber?: string; }'.
data/initialData.ts(209,114): error TS2353: Object literal may only specify known properties, and 'id' does not exist in type '{ description: string; quantity: number; unitPrice: number; unitCost: number; isStock?: boolean; isLabor?: boolean; fromStock?: boolean; partId?: string; partNumber?: string; }'.
data/initialData.ts(218,23): error TS2353: Object literal may only specify known properties, and 'id' does not exist in type '{ description: string; quantity: number; unitPrice: number; unitCost: number; isStock?: boolean; isLabor?: boolean; fromStock?: boolean; partId?: string; partNumber?: string; }'.
data/initialData.ts(228,15): error TS2353: Object literal may only specify known properties, and 'id' does not exist in type '{ description: string; quantity: number; unitPrice: number; unitCost: number; isStock?: boolean; isLabor?: boolean; fromStock?: boolean; partId?: string; partNumber?: string; }'.
data/initialData.ts(229,14): error TS2353: Object literal may only specify known properties, and 'id' does not exist in type '{ description: string; quantity: number; unitPrice: number; unitCost: number; isStock?: boolean; isLabor?: boolean; fromStock?: boolean; partId?: string; partNumber?: string; }'.
data/initialData.ts(230,14): error TS2353: Object literal may only specify known properties, and 'id' does not exist in type '{ description: string; quantity: number; unitPrice: number; unitCost: number; isStock?: boolean; isLabor?: boolean; fromStock?: boolean; partId?: string; partNumber?: string; }'.
data/initialData.ts(231,14): error TS2353: Object literal may only specify known properties, and 'id' does not exist in type '{ description: string; quantity: number; unitPrice: number; unitCost: number; isStock?: boolean; isLabor?: boolean; fromStock?: boolean; partId?: string; partNumber?: string; }'.
data/initialData.ts(232,14): error TS2353: Object literal may only specify known properties, and 'id' does not exist in type '{ description: string; quantity: number; unitPrice: number; unitCost: number; isStock?: boolean; isLabor?: boolean; fromStock?: boolean; partId?: string; partNumber?: string; }'.
data/initialData.ts(233,14): error TS2353: Object literal may only specify known properties, and 'id' does not exist in type '{ description: string; quantity: number; unitPrice: number; unitCost: number; isStock?: boolean; isLabor?: boolean; fromStock?: boolean; partId?: string; partNumber?: string; }'.
data/initialData.ts(244,15): error TS2353: Object literal may only specify known properties, and 'id' does not exist in type '{ description: string; quantity: number; unitPrice: number; unitCost: number; isStock?: boolean; isLabor?: boolean; fromStock?: boolean; partId?: string; partNumber?: string; }'.
data/initialData.ts(245,15): error TS2353: Object literal may only specify known properties, and 'id' does not exist in type '{ description: string; quantity: number; unitPrice: number; unitCost: number; isStock?: boolean; isLabor?: boolean; fromStock?: boolean; partId?: string; partNumber?: string; }'.
data/initialData.ts(257,16): error TS2353: Object literal may only specify known properties, and 'id' does not exist in type '{ description: string; quantity: number; unitPrice: number; unitCost: number; isStock?: boolean; isLabor?: boolean; fromStock?: boolean; partId?: string; partNumber?: string; }'.
data/initialData.ts(289,53): error TS2353: Object literal may only specify known properties, and 'cost' does not exist in type 'SaleOverheadPackage'.
data/initialData.ts(290,56): error TS2353: Object literal may only specify known properties, and 'cost' does not exist in type 'SaleOverheadPackage'.
data/initialData.ts(294,196): error TS2353: Object literal may only specify known properties, and 'lastBilledDate' does not exist in type 'StorageBooking'.
data/initialData.ts(298,45): error TS2353: Object literal may only specify known properties, and 'status' does not exist in type 'RentalVehicle'.
data/initialData.ts(303,43): error TS2353: Object literal may only specify known properties, and 'capacity' does not exist in type 'StorageLocation'.
data/initialData.ts(307,36): error TS2353: Object literal may only specify known properties, and 'entityId' does not exist in type 'BatteryCharger'.
data/initialData.ts(308,36): error TS2353: Object literal may only specify known properties, and 'entityId' does not exist in type 'BatteryCharger'.
data/initialData.ts(309,36): error TS2353: Object literal may only specify known properties, and 'entityId' does not exist in type 'BatteryCharger'.
data/initialData.ts(345,9): error TS2322: Type '{ id: string; title: string; items: { id: string; label: string; }[]; }[]' is not assignable to type 'ChecklistSection[]'.
  Type '{ id: string; title: string; items: { id: string; label: string; }[]; }' is not assignable to type 'ChecklistSection'.
    Types of property 'items' are incompatible.
      Type '{ id: string; label: string; }[]' is not assignable to type 'ChecklistItem[]'.
        Type '{ id: string; label: string; }' is missing the following properties from type 'ChecklistItem': status, comment
data/initialData.ts(362,22): error TS2739: Type '{ id: string; label: string; }' is missing the following properties from type 'ChecklistItem': status, comment
data/initialData.ts(363,22): error TS2739: Type '{ id: string; label: string; }' is missing the following properties from type 'ChecklistItem': status, comment
data/initialData.ts(364,22): error TS2739: Type '{ id: string; label: string; }' is missing the following properties from type 'ChecklistItem': status, comment
data/initialData.ts(365,22): error TS2739: Type '{ id: string; label: string; }' is missing the following properties from type 'ChecklistItem': status, comment
data/initialData.ts(366,22): error TS2739: Type '{ id: string; label: string; }' is missing the following properties from type 'ChecklistItem': status, comment
data/initialData.ts(373,21): error TS2739: Type '{ id: string; label: string; }' is missing the following properties from type 'ChecklistItem': status, comment
data/initialData.ts(374,21): error TS2739: Type '{ id: string; label: string; }' is missing the following properties from type 'ChecklistItem': status, comment
data/initialData.ts(375,21): error TS2739: Type '{ id: string; label: string; }' is missing the following properties from type 'ChecklistItem': status, comment
data/initialData.ts(382,22): error TS2739: Type '{ id: string; label: string; }' is missing the following properties from type 'ChecklistItem': status, comment
modules/workshop/EstimatesView.tsx(118,21): error TS2339: Property 'name' does not exist on type 'String'.
modules/workshop/EstimatesView.tsx(118,27): error TS2339: Property 'description' does not exist on type 'String'.
modules/workshop/EstimatesView.tsx(118,96): error TS2554: Expected 1 arguments, but got 3.
modules/workshop/hooks/useDispatchDragDrop.ts(3,10): error TS2305: Module '"../../../types"' has no exported member 'DraggedSegmentData'.
modules/workshop/hooks/useDispatchDragDrop.ts(49,24): error TS2339: Property 'workingHours' does not exist on type 'BusinessEntity'.
modules/workshop/hooks/useDispatchDragDrop.ts(186,34): error TS2345: Argument of type '{ segmentId: string; date: string; scheduledStartSegment: number; duration: number; allocatedLift: string; engineerId: string; status: "Allocated"; }' is not assignable to parameter of type 'JobSegment'.
  Type '{ segmentId: string; date: string; scheduledStartSegment: number; duration: number; allocatedLift: string; engineerId: string; status: "Allocated"; }' is missing the following properties from type 'JobSegment': id, description
modules/workshop/hooks/useDispatchDragDrop.ts(329,56): error TS2739: Type '{ segmentId: `${string}-${string}-${string}-${string}-${string}`; date: null; duration: number; status: "Unallocated"; allocatedLift: null; scheduledStartSegment: null; engineerId: null; }' is missing the following properties from type 'JobSegment': id, description
modules/workshop/JobsView.tsx(179,21): error TS2339: Property 'name' does not exist on type 'String'.
modules/workshop/JobsView.tsx(179,27): error TS2339: Property 'description' does not exist on type 'String'.
modules/workshop/JobsView.tsx(179,96): error TS2554: Expected 1 arguments, but got 4.
RentalsView.tsx(2,25): error TS2307: Cannot find module '../core/state/DataContext' or its corresponding type declarations.
RentalsView.tsx(3,120): error TS2307: Cannot find module '../types' or its corresponding type declarations.
RentalsView.tsx(5,85): error TS2307: Cannot find module '../core/utils/dateUtils' or its corresponding type declarations.
RentalsView.tsx(6,32): error TS2307: Cannot find module '../utils/formatUtils' or its corresponding type declarations.
RentalsView.tsx(7,41): error TS2307: Cannot find module '../utils/numberGenerators' or its corresponding type declarations.
RentalsView.tsx(8,30): error TS2307: Cannot find module '../components/SearchableSelect' or its corresponding type declarations.
RentalsView.tsx(9,40): error TS2307: Cannot find module '../core/utils/customerUtils' or its corresponding type declarations.
RentalsView.tsx(10,23): error TS2307: Cannot find module '../components/FormModal' or its corresponding type declarations.
RentalsView.tsx(11,33): error TS2307: Cannot find module '../components/VehicleDamageReport' or its corresponding type declarations.
RentalsView.tsx(12,24): error TS2307: Cannot find module '../components/AsyncImage' or its corresponding type declarations.
RentalsView.tsx(381,108): error TS2322: Type 'Map<unknown, unknown>' is not assignable to type 'Map<string, Vehicle>'.
  Type 'unknown' is not assignable to type 'string'.
RentalsView.tsx(381,136): error TS2322: Type 'Map<unknown, unknown>' is not assignable to type 'Map<string, Customer>'.
  Type 'unknown' is not assignable to type 'string'.
RentalsView.tsx(383,85): error TS2322: Type 'Map<unknown, unknown>' is not assignable to type 'Map<string, Vehicle>'.
  Type 'unknown' is not assignable to type 'string'.
RentalsView.tsx(383,113): error TS2322: Type 'Map<unknown, unknown>' is not assignable to type 'Map<string, Customer>'.
  Type 'unknown' is not assignable to type 'string'.
utils/dateUtils.ts(82,23): error TS2345: Argument of type '{ segmentId: `${string}-${string}-${string}-${string}-${string}`; duration: number; date: string; scheduledStartSegment: null; allocatedLift: null; status: "Unallocated"; }' is not assignable to parameter of type 'JobSegment'.
  Type '{ segmentId: `${string}-${string}-${string}-${string}-${string}`; duration: number; date: string; scheduledStartSegment: null; allocatedLift: null; status: "Unallocated"; }' is missing the following properties from type 'JobSegment': id, description
utils/templateUtils.ts(25,13): error TS2322: Type '"motReminderEmailTemplate" | "motReminderSmsTemplate"' is not assignable to type 'keyof BusinessEntity'.
  Type '"motReminderEmailTemplate"' is not assignable to type 'keyof BusinessEntity'.
utils/templateUtils.ts(30,13): error TS2322: Type '"serviceReminderEmailTemplate" | "serviceReminderSmsTemplate"' is not assignable to type 'keyof BusinessEntity'.
  Type '"serviceReminderEmailTemplate"' is not assignable to type 'keyof BusinessEntity'.
utils/templateUtils.ts(34,14): error TS2678: Type '"Winter Check"' is not comparable to type '"MOT" | "Other" | "Service"'.
utils/templateUtils.ts(35,13): error TS2322: Type '"winterCheckReminderEmailTemplate" | "winterCheckReminderSmsTemplate"' is not assignable to type 'keyof BusinessEntity'.
  Type '"winterCheckReminderEmailTemplate"' is not assignable to type 'keyof BusinessEntity'.
utils/templateUtils.ts(36,177): error TS2339: Property 'dueDate' does not exist on type 'Reminder'.
utils/templateUtils.ts(39,14): error TS2678: Type '"Marketing"' is not comparable to type '"MOT" | "Other" | "Service"'.
utils/templateUtils.ts(40,13): error TS2322: Type '"marketingReminderEmailTemplate" | "marketingReminderSmsTemplate"' is not assignable to type 'keyof BusinessEntity'.
  Type '"marketingReminderEmailTemplate"' is not assignable to type 'keyof BusinessEntity'.
utils/templateUtils.ts(42,95): error TS2339: Property 'eventName' does not exist on type 'Reminder'.
utils/templateUtils.ts(56,43): error TS2339: Property 'dueDate' does not exist on type 'Reminder'.
utils/templateUtils.ts(60,45): error TS2339: Property 'eventName' does not exist on type 'Reminder'.
